Archive member included to satisfy reference by file (symbol)

/usr/lib/gcc/arm-none-eabi/6.3.1/../../../arm-none-eabi/lib/thumb/v7-m/libc.a(lib_a-memcpy.o)
                              rtos/queue.o (memcpy)
/usr/local/src/stm32hal_rtos/libopencm3/lib/libopencm3_stm32f1.a(vector.o)
                              (reset_handler)

Discarded input sections

 .text          0x0000000000000000        0x0 main.o
 .data          0x0000000000000000        0x0 main.o
 .bss           0x0000000000000000        0x0 main.o
 .data.bell     0x0000000000000000        0x8 main.o
 .data.check    0x0000000000000000        0x8 main.o
 .data.clock    0x0000000000000000        0x8 main.o
 .data.cross    0x0000000000000000        0x8 main.o
 .data.duck     0x0000000000000000        0x8 main.o
 .data.habr10   0x0000000000000000        0x8 main.o
 .data.habr11   0x0000000000000000        0x8 main.o
 .data.habr9    0x0000000000000000        0x8 main.o
 .data.heart    0x0000000000000000        0x8 main.o
 .data.note     0x0000000000000000        0x8 main.o
 .data.retarrow
                0x0000000000000000        0x8 main.o
 .text          0x0000000000000000        0x0 delay.o
 .data          0x0000000000000000        0x0 delay.o
 .bss           0x0000000000000000        0x0 delay.o
 .text          0x0000000000000000        0x0 I2C.o
 .data          0x0000000000000000        0x0 I2C.o
 .bss           0x0000000000000000        0x0 I2C.o
 .text.I2C_ReadData
                0x0000000000000000       0x20 I2C.o
 .text          0x0000000000000000        0x0 LiquidCrystal_I2C.o
 .data          0x0000000000000000        0x0 LiquidCrystal_I2C.o
 .bss           0x0000000000000000        0x0 LiquidCrystal_I2C.o
 .text.LCDI2C_noDisplay
                0x0000000000000000       0x18 LiquidCrystal_I2C.o
 .text.LCDI2C_noCursor
                0x0000000000000000       0x18 LiquidCrystal_I2C.o
 .text.LCDI2C_cursor
                0x0000000000000000       0x18 LiquidCrystal_I2C.o
 .text.LCDI2C_noBlink
                0x0000000000000000       0x18 LiquidCrystal_I2C.o
 .text.LCDI2C_blink
                0x0000000000000000       0x18 LiquidCrystal_I2C.o
 .text.LCDI2C_scrollDisplayLeft
                0x0000000000000000        0x6 LiquidCrystal_I2C.o
 .text.LCDI2C_scrollDisplayRight
                0x0000000000000000        0x6 LiquidCrystal_I2C.o
 .text.LCDI2C_leftToRight
                0x0000000000000000       0x18 LiquidCrystal_I2C.o
 .text.LCDI2C_rightToLeft
                0x0000000000000000       0x18 LiquidCrystal_I2C.o
 .text.LCDI2C_autoscroll
                0x0000000000000000       0x18 LiquidCrystal_I2C.o
 .text.LCDI2C_noAutoscroll
                0x0000000000000000       0x18 LiquidCrystal_I2C.o
 .text.LCDI2C_cursor_on
                0x0000000000000000        0x4 LiquidCrystal_I2C.o
 .text.LCDI2C_cursor_off
                0x0000000000000000        0x4 LiquidCrystal_I2C.o
 .text.LCDI2C_blink_on
                0x0000000000000000        0x4 LiquidCrystal_I2C.o
 .text.LCDI2C_blink_off
                0x0000000000000000        0x4 LiquidCrystal_I2C.o
 .text.LCDI2C_load_custom_character
                0x0000000000000000        0x4 LiquidCrystal_I2C.o
 .text.LCDI2C_setBacklight
                0x0000000000000000        0xa LiquidCrystal_I2C.o
 .text          0x0000000000000000        0x0 USART.o
 .data          0x0000000000000000        0x0 USART.o
 .bss           0x0000000000000000        0x0 USART.o
 .text.USART1_Init
                0x0000000000000000       0x74 USART.o
 .text.Usart1_Send_symbol
                0x0000000000000000       0x14 USART.o
 .text.Usart1_Send_String
                0x0000000000000000       0x3c USART.o
 .bss.USART_GPIO_InitStruct
                0x0000000000000000        0x4 USART.o
 .bss.USART_InitStruct
                0x0000000000000000       0x10 USART.o
 .debug_info    0x0000000000000000      0x510 USART.o
 .debug_abbrev  0x0000000000000000      0x1ab USART.o
 .debug_loc     0x0000000000000000       0x98 USART.o
 .debug_aranges
                0x0000000000000000       0x30 USART.o
 .debug_ranges  0x0000000000000000       0x20 USART.o
 .debug_line    0x0000000000000000      0x1dd USART.o
 .debug_str     0x0000000000000000      0x456 USART.o
 .comment       0x0000000000000000       0x32 USART.o
 .debug_frame   0x0000000000000000       0x6c USART.o
 .ARM.attributes
                0x0000000000000000       0x33 USART.o
 .text          0x0000000000000000        0x0 ../../stm_lib/src/stm32f10x_rcc.o
 .data          0x0000000000000000        0x0 ../../stm_lib/src/stm32f10x_rcc.o
 .bss           0x0000000000000000        0x0 ../../stm_lib/src/stm32f10x_rcc.o
 .text.RCC_DeInit
                0x0000000000000000       0x40 ../../stm_lib/src/stm32f10x_rcc.o
 .text.RCC_HSEConfig
                0x0000000000000000       0x38 ../../stm_lib/src/stm32f10x_rcc.o
 .text.RCC_AdjustHSICalibrationValue
                0x0000000000000000       0x14 ../../stm_lib/src/stm32f10x_rcc.o
 .text.RCC_HSICmd
                0x0000000000000000        0xc ../../stm_lib/src/stm32f10x_rcc.o
 .text.RCC_PLLConfig
                0x0000000000000000       0x14 ../../stm_lib/src/stm32f10x_rcc.o
 .text.RCC_PLLCmd
                0x0000000000000000        0xc ../../stm_lib/src/stm32f10x_rcc.o
 .text.RCC_SYSCLKConfig
                0x0000000000000000       0x14 ../../stm_lib/src/stm32f10x_rcc.o
 .text.RCC_GetSYSCLKSource
                0x0000000000000000       0x10 ../../stm_lib/src/stm32f10x_rcc.o
 .text.RCC_HCLKConfig
                0x0000000000000000       0x14 ../../stm_lib/src/stm32f10x_rcc.o
 .text.RCC_PCLK1Config
                0x0000000000000000       0x14 ../../stm_lib/src/stm32f10x_rcc.o
 .text.RCC_PCLK2Config
                0x0000000000000000       0x14 ../../stm_lib/src/stm32f10x_rcc.o
 .text.RCC_ITConfig
                0x0000000000000000       0x18 ../../stm_lib/src/stm32f10x_rcc.o
 .text.RCC_USBCLKConfig
                0x0000000000000000        0xc ../../stm_lib/src/stm32f10x_rcc.o
 .text.RCC_ADCCLKConfig
                0x0000000000000000       0x14 ../../stm_lib/src/stm32f10x_rcc.o
 .text.RCC_LSEConfig
                0x0000000000000000       0x20 ../../stm_lib/src/stm32f10x_rcc.o
 .text.RCC_LSICmd
                0x0000000000000000        0xc ../../stm_lib/src/stm32f10x_rcc.o
 .text.RCC_RTCCLKConfig
                0x0000000000000000       0x10 ../../stm_lib/src/stm32f10x_rcc.o
 .text.RCC_RTCCLKCmd
                0x0000000000000000        0xc ../../stm_lib/src/stm32f10x_rcc.o
 .text.RCC_AHBPeriphClockCmd
                0x0000000000000000       0x18 ../../stm_lib/src/stm32f10x_rcc.o
 .text.RCC_APB2PeriphResetCmd
                0x0000000000000000       0x18 ../../stm_lib/src/stm32f10x_rcc.o
 .text.RCC_APB1PeriphResetCmd
                0x0000000000000000       0x18 ../../stm_lib/src/stm32f10x_rcc.o
 .text.RCC_BackupResetCmd
                0x0000000000000000        0xc ../../stm_lib/src/stm32f10x_rcc.o
 .text.RCC_ClockSecuritySystemCmd
                0x0000000000000000        0xc ../../stm_lib/src/stm32f10x_rcc.o
 .text.RCC_MCOConfig
                0x0000000000000000        0xc ../../stm_lib/src/stm32f10x_rcc.o
 .text.RCC_GetFlagStatus
                0x0000000000000000       0x28 ../../stm_lib/src/stm32f10x_rcc.o
 .text.RCC_WaitForHSEStartUp
                0x0000000000000000       0x30 ../../stm_lib/src/stm32f10x_rcc.o
 .text.RCC_ClearFlag
                0x0000000000000000       0x10 ../../stm_lib/src/stm32f10x_rcc.o
 .text.RCC_GetITStatus
                0x0000000000000000       0x14 ../../stm_lib/src/stm32f10x_rcc.o
 .text.RCC_ClearITPendingBit
                0x0000000000000000        0xc ../../stm_lib/src/stm32f10x_rcc.o
 .text          0x0000000000000000        0x0 ../../stm_lib/src/stm32f10x_gpio.o
 .data          0x0000000000000000        0x0 ../../stm_lib/src/stm32f10x_gpio.o
 .bss           0x0000000000000000        0x0 ../../stm_lib/src/stm32f10x_gpio.o
 .text.GPIO_DeInit
                0x0000000000000000       0xb8 ../../stm_lib/src/stm32f10x_gpio.o
 .text.GPIO_AFIODeInit
                0x0000000000000000       0x16 ../../stm_lib/src/stm32f10x_gpio.o
 .text.GPIO_StructInit
                0x0000000000000000       0x10 ../../stm_lib/src/stm32f10x_gpio.o
 .text.GPIO_ReadInputDataBit
                0x0000000000000000        0xc ../../stm_lib/src/stm32f10x_gpio.o
 .text.GPIO_ReadInputData
                0x0000000000000000        0x6 ../../stm_lib/src/stm32f10x_gpio.o
 .text.GPIO_ReadOutputDataBit
                0x0000000000000000        0xc ../../stm_lib/src/stm32f10x_gpio.o
 .text.GPIO_ReadOutputData
                0x0000000000000000        0x6 ../../stm_lib/src/stm32f10x_gpio.o
 .text.GPIO_SetBits
                0x0000000000000000        0x4 ../../stm_lib/src/stm32f10x_gpio.o
 .text.GPIO_ResetBits
                0x0000000000000000        0x4 ../../stm_lib/src/stm32f10x_gpio.o
 .text.GPIO_WriteBit
                0x0000000000000000        0xa ../../stm_lib/src/stm32f10x_gpio.o
 .text.GPIO_Write
                0x0000000000000000        0x4 ../../stm_lib/src/stm32f10x_gpio.o
 .text.GPIO_PinLockConfig
                0x0000000000000000       0x10 ../../stm_lib/src/stm32f10x_gpio.o
 .text.GPIO_EventOutputConfig
                0x0000000000000000       0x1c ../../stm_lib/src/stm32f10x_gpio.o
 .text.GPIO_EventOutputCmd
                0x0000000000000000        0xc ../../stm_lib/src/stm32f10x_gpio.o
 .text.GPIO_PinRemapConfig
                0x0000000000000000       0x60 ../../stm_lib/src/stm32f10x_gpio.o
 .text.GPIO_EXTILineConfig
                0x0000000000000000       0x2a ../../stm_lib/src/stm32f10x_gpio.o
 .text.GPIO_ETH_MediaInterfaceConfig
                0x0000000000000000        0xc ../../stm_lib/src/stm32f10x_gpio.o
 .text          0x0000000000000000        0x0 ../../stm_lib/src/stm32f10x_i2c.o
 .data          0x0000000000000000        0x0 ../../stm_lib/src/stm32f10x_i2c.o
 .bss           0x0000000000000000        0x0 ../../stm_lib/src/stm32f10x_i2c.o
 .text.I2C_DeInit
                0x0000000000000000       0x34 ../../stm_lib/src/stm32f10x_i2c.o
 .text.I2C_StructInit
                0x0000000000000000       0x1c ../../stm_lib/src/stm32f10x_i2c.o
 .text.I2C_DMACmd
                0x0000000000000000       0x18 ../../stm_lib/src/stm32f10x_i2c.o
 .text.I2C_DMALastTransferCmd
                0x0000000000000000       0x18 ../../stm_lib/src/stm32f10x_i2c.o
 .text.I2C_AcknowledgeConfig
                0x0000000000000000       0x18 ../../stm_lib/src/stm32f10x_i2c.o
 .text.I2C_OwnAddress2Config
                0x0000000000000000       0x12 ../../stm_lib/src/stm32f10x_i2c.o
 .text.I2C_DualAddressCmd
                0x0000000000000000       0x18 ../../stm_lib/src/stm32f10x_i2c.o
 .text.I2C_GeneralCallCmd
                0x0000000000000000       0x18 ../../stm_lib/src/stm32f10x_i2c.o
 .text.I2C_ITConfig
                0x0000000000000000       0x12 ../../stm_lib/src/stm32f10x_i2c.o
 .text.I2C_ReceiveData
                0x0000000000000000        0x6 ../../stm_lib/src/stm32f10x_i2c.o
 .text.I2C_ReadRegister
                0x0000000000000000       0x18 ../../stm_lib/src/stm32f10x_i2c.o
 .text.I2C_SoftwareResetCmd
                0x0000000000000000       0x18 ../../stm_lib/src/stm32f10x_i2c.o
 .text.I2C_SMBusAlertConfig
                0x0000000000000000       0x1c ../../stm_lib/src/stm32f10x_i2c.o
 .text.I2C_TransmitPEC
                0x0000000000000000       0x18 ../../stm_lib/src/stm32f10x_i2c.o
 .text.I2C_PECPositionConfig
                0x0000000000000000       0x1c ../../stm_lib/src/stm32f10x_i2c.o
 .text.I2C_NACKPositionConfig
                0x0000000000000000        0x4 ../../stm_lib/src/stm32f10x_i2c.o
 .text.I2C_CalculatePEC
                0x0000000000000000       0x18 ../../stm_lib/src/stm32f10x_i2c.o
 .text.I2C_GetPEC
                0x0000000000000000        0x8 ../../stm_lib/src/stm32f10x_i2c.o
 .text.I2C_ARPCmd
                0x0000000000000000       0x18 ../../stm_lib/src/stm32f10x_i2c.o
 .text.I2C_StretchClockCmd
                0x0000000000000000       0x18 ../../stm_lib/src/stm32f10x_i2c.o
 .text.I2C_FastModeDutyCycleConfig
                0x0000000000000000       0x1c ../../stm_lib/src/stm32f10x_i2c.o
 .text.I2C_GetLastEvent
                0x0000000000000000       0x10 ../../stm_lib/src/stm32f10x_i2c.o
 .text.I2C_ClearFlag
                0x0000000000000000        0x8 ../../stm_lib/src/stm32f10x_i2c.o
 .text.I2C_GetITStatus
                0x0000000000000000       0x1c ../../stm_lib/src/stm32f10x_i2c.o
 .text.I2C_ClearITPendingBit
                0x0000000000000000        0x8 ../../stm_lib/src/stm32f10x_i2c.o
 .text          0x0000000000000000        0x0 rtos/heap_4.o
 .data          0x0000000000000000        0x0 rtos/heap_4.o
 .bss           0x0000000000000000        0x0 rtos/heap_4.o
 .text.prvInsertBlockIntoFreeList
                0x0000000000000000       0x48 rtos/heap_4.o
 .text.pvPortMalloc
                0x0000000000000000       0xf4 rtos/heap_4.o
 .text.vPortFree
                0x0000000000000000       0x4c rtos/heap_4.o
 .text.xPortGetFreeHeapSize
                0x0000000000000000        0xc rtos/heap_4.o
 .text.xPortGetMinimumEverFreeHeapSize
                0x0000000000000000        0xc rtos/heap_4.o
 .text.vPortInitialiseBlocks
                0x0000000000000000        0x2 rtos/heap_4.o
 .bss.pxEnd     0x0000000000000000        0x4 rtos/heap_4.o
 .bss.ucHeap    0x0000000000000000     0x4400 rtos/heap_4.o
 .bss.xBlockAllocatedBit
                0x0000000000000000        0x4 rtos/heap_4.o
 .bss.xFreeBytesRemaining
                0x0000000000000000        0x4 rtos/heap_4.o
 .bss.xMinimumEverFreeBytesRemaining
                0x0000000000000000        0x4 rtos/heap_4.o
 .bss.xStart    0x0000000000000000        0x8 rtos/heap_4.o
 .debug_info    0x0000000000000000      0xbc5 rtos/heap_4.o
 .debug_abbrev  0x0000000000000000      0x2fa rtos/heap_4.o
 .debug_loc     0x0000000000000000      0x34c rtos/heap_4.o
 .debug_aranges
                0x0000000000000000       0x48 rtos/heap_4.o
 .debug_ranges  0x0000000000000000       0x38 rtos/heap_4.o
 .debug_line    0x0000000000000000      0x1e1 rtos/heap_4.o
 .debug_str     0x0000000000000000      0x72c rtos/heap_4.o
 .comment       0x0000000000000000       0x32 rtos/heap_4.o
 .debug_frame   0x0000000000000000       0x98 rtos/heap_4.o
 .ARM.attributes
                0x0000000000000000       0x33 rtos/heap_4.o
 .text          0x0000000000000000        0x0 rtos/list.o
 .data          0x0000000000000000        0x0 rtos/list.o
 .bss           0x0000000000000000        0x0 rtos/list.o
 .text.vListInitialise
                0x0000000000000000       0x16 rtos/list.o
 .text.vListInitialiseItem
                0x0000000000000000        0x6 rtos/list.o
 .text.vListInsert
                0x0000000000000000       0x2e rtos/list.o
 .text          0x0000000000000000        0x0 rtos/port.o
 .data          0x0000000000000000        0x0 rtos/port.o
 .bss           0x0000000000000000        0x0 rtos/port.o
 .text.prvTaskExitError
                0x0000000000000000       0x12 rtos/port.o
 .text.prvPortStartFirstTask
                0x0000000000000000       0x20 rtos/port.o
 .text.pxPortInitialiseStack
                0x0000000000000000       0x24 rtos/port.o
 .text.vPortEndScheduler
                0x0000000000000000        0x2 rtos/port.o
 .text.vPortEnterCritical
                0x0000000000000000       0x20 rtos/port.o
 .text.vPortExitCritical
                0x0000000000000000       0x14 rtos/port.o
 .text.vPortSetupTimerInterrupt
                0x0000000000000000       0x14 rtos/port.o
 .text.xPortStartScheduler
                0x0000000000000000       0x30 rtos/port.o
 .data.uxCriticalNesting
                0x0000000000000000        0x4 rtos/port.o
 .text          0x0000000000000000        0x0 rtos/queue.o
 .data          0x0000000000000000        0x0 rtos/queue.o
 .bss           0x0000000000000000        0x0 rtos/queue.o
 .text.prvCopyDataToQueue
                0x0000000000000000       0x66 rtos/queue.o
 .text.prvCopyDataFromQueue
                0x0000000000000000       0x28 rtos/queue.o
 .text.prvUnlockQueue
                0x0000000000000000       0x70 rtos/queue.o
 .text.xQueueGenericReset
                0x0000000000000000       0x6c rtos/queue.o
 .text.xQueueGenericCreate
                0x0000000000000000       0x2e rtos/queue.o
 .text.xQueueGenericSend
                0x0000000000000000       0xf4 rtos/queue.o
 .text.xQueueCreateMutex
                0x0000000000000000       0x24 rtos/queue.o
 .text.xQueueGenericSendFromISR
                0x0000000000000000       0x68 rtos/queue.o
 .text.xQueueGiveFromISR
                0x0000000000000000       0x5c rtos/queue.o
 .text.xQueueGenericReceive
                0x0000000000000000      0x134 rtos/queue.o
 .text.xQueueReceiveFromISR
                0x0000000000000000       0x68 rtos/queue.o
 .text.xQueuePeekFromISR
                0x0000000000000000       0x30 rtos/queue.o
 .text.uxQueueMessagesWaiting
                0x0000000000000000       0x12 rtos/queue.o
 .text.uxQueueSpacesAvailable
                0x0000000000000000       0x16 rtos/queue.o
 .text.uxQueueMessagesWaitingFromISR
                0x0000000000000000        0x4 rtos/queue.o
 .text.vQueueDelete
                0x0000000000000000        0x4 rtos/queue.o
 .text.xQueueIsQueueEmptyFromISR
                0x0000000000000000        0xa rtos/queue.o
 .text.xQueueIsQueueFullFromISR
                0x0000000000000000        0xc rtos/queue.o
 .debug_info    0x0000000000000000     0x1a41 rtos/queue.o
 .debug_abbrev  0x0000000000000000      0x360 rtos/queue.o
 .debug_loc     0x0000000000000000      0xce7 rtos/queue.o
 .debug_aranges
                0x0000000000000000       0xa8 rtos/queue.o
 .debug_ranges  0x0000000000000000      0x178 rtos/queue.o
 .debug_line    0x0000000000000000      0x466 rtos/queue.o
 .debug_str     0x0000000000000000      0xb98 rtos/queue.o
 .comment       0x0000000000000000       0x32 rtos/queue.o
 .debug_frame   0x0000000000000000      0x208 rtos/queue.o
 .ARM.attributes
                0x0000000000000000       0x33 rtos/queue.o
 .text          0x0000000000000000        0x0 rtos/tasks.o
 .data          0x0000000000000000        0x0 rtos/tasks.o
 .bss           0x0000000000000000        0x0 rtos/tasks.o
 .text.prvTaskIsTaskSuspended
                0x0000000000000000       0x24 rtos/tasks.o
 .text.prvAddCurrentTaskToDelayedList
                0x0000000000000000       0x8c rtos/tasks.o
 .text.xTaskCreate
                0x0000000000000000      0x1c0 rtos/tasks.o
 .text.vTaskDelete
                0x0000000000000000       0xbc rtos/tasks.o
 .text.uxTaskPriorityGet
                0x0000000000000000       0x1c rtos/tasks.o
 .text.uxTaskPriorityGetFromISR
                0x0000000000000000       0x28 rtos/tasks.o
 .text.vTaskPrioritySet
                0x0000000000000000       0xc8 rtos/tasks.o
 .text.vTaskResume
                0x0000000000000000       0x74 rtos/tasks.o
 .text.xTaskResumeFromISR
                0x0000000000000000       0x88 rtos/tasks.o
 .text.vTaskStartScheduler
                0x0000000000000000       0x60 rtos/tasks.o
 .text.vTaskEndScheduler
                0x0000000000000000       0x20 rtos/tasks.o
 .text.vTaskSuspendAll
                0x0000000000000000       0x10 rtos/tasks.o
 .text.xTaskGetTickCount
                0x0000000000000000        0xc rtos/tasks.o
 .text.xTaskGetTickCountFromISR
                0x0000000000000000        0xc rtos/tasks.o
 .text.uxTaskGetNumberOfTasks
                0x0000000000000000        0xc rtos/tasks.o
 .text.pcTaskGetName
                0x0000000000000000       0x10 rtos/tasks.o
 .text.xTaskResumeAll
                0x0000000000000000       0xd8 rtos/tasks.o
 .text.vTaskDelayUntil
                0x0000000000000000       0x58 rtos/tasks.o
 .text.vTaskDelay
                0x0000000000000000       0x30 rtos/tasks.o
 .text.prvIdleTask
                0x0000000000000000       0x74 rtos/tasks.o
 .text.vTaskSuspend
                0x0000000000000000       0xb0 rtos/tasks.o
 .text.vTaskPlaceOnEventList
                0x0000000000000000       0x20 rtos/tasks.o
 .text.vTaskPlaceOnUnorderedEventList
                0x0000000000000000       0x28 rtos/tasks.o
 .text.xTaskRemoveFromEventList
                0x0000000000000000       0x70 rtos/tasks.o
 .text.xTaskRemoveFromUnorderedEventList
                0x0000000000000000       0x5c rtos/tasks.o
 .text.vTaskSetTimeOutState
                0x0000000000000000       0x18 rtos/tasks.o
 .text.xTaskCheckForTimeOut
                0x0000000000000000       0x4c rtos/tasks.o
 .text.vTaskMissedYield
                0x0000000000000000        0xc rtos/tasks.o
 .text.xTaskGetCurrentTaskHandle
                0x0000000000000000        0xc rtos/tasks.o
 .text.vTaskPriorityInherit
                0x0000000000000000       0x90 rtos/tasks.o
 .text.xTaskPriorityDisinherit
                0x0000000000000000       0x70 rtos/tasks.o
 .text.uxTaskResetEventItemValue
                0x0000000000000000       0x18 rtos/tasks.o
 .text.pvTaskIncrementMutexHeldCount
                0x0000000000000000       0x18 rtos/tasks.o
 .text.ulTaskNotifyTake
                0x0000000000000000       0x64 rtos/tasks.o
 .text.xTaskNotifyWait
                0x0000000000000000       0x88 rtos/tasks.o
 .text.xTaskGenericNotify
                0x0000000000000000       0xa4 rtos/tasks.o
 .text.xTaskGenericNotifyFromISR
                0x0000000000000000       0xc4 rtos/tasks.o
 .text.vTaskNotifyGiveFromISR
                0x0000000000000000       0x9c rtos/tasks.o
 .text.xTaskNotifyStateClear
                0x0000000000000000       0x30 rtos/tasks.o
 .bss.uxCurrentNumberOfTasks
                0x0000000000000000        0x4 rtos/tasks.o
 .bss.uxDeletedTasksWaitingCleanUp
                0x0000000000000000        0x4 rtos/tasks.o
 .bss.uxTaskNumber
                0x0000000000000000        0x4 rtos/tasks.o
 .bss.xDelayedTaskList1
                0x0000000000000000       0x14 rtos/tasks.o
 .bss.xDelayedTaskList2
                0x0000000000000000       0x14 rtos/tasks.o
 .bss.xIdleTaskHandle
                0x0000000000000000        0x4 rtos/tasks.o
 .bss.xPendingReadyList
                0x0000000000000000       0x14 rtos/tasks.o
 .bss.xSchedulerRunning
                0x0000000000000000        0x4 rtos/tasks.o
 .bss.xSuspendedTaskList
                0x0000000000000000       0x14 rtos/tasks.o
 .bss.xTasksWaitingTermination
                0x0000000000000000       0x14 rtos/tasks.o
 .rodata.vTaskStartScheduler.str1.1
                0x0000000000000000        0x5 rtos/tasks.o
 .text          0x0000000000000000        0x0 rtos/opencm3.o
 .data          0x0000000000000000        0x0 rtos/opencm3.o
 .bss           0x0000000000000000        0x0 rtos/opencm3.o
 .text          0x0000000000000000       0xec /usr/lib/gcc/arm-none-eabi/6.3.1/../../../arm-none-eabi/lib/thumb/v7-m/libc.a(lib_a-memcpy.o)
 .data          0x0000000000000000        0x0 /usr/lib/gcc/arm-none-eabi/6.3.1/../../../arm-none-eabi/lib/thumb/v7-m/libc.a(lib_a-memcpy.o)
 .bss           0x0000000000000000        0x0 /usr/lib/gcc/arm-none-eabi/6.3.1/../../../arm-none-eabi/lib/thumb/v7-m/libc.a(lib_a-memcpy.o)
 .debug_line    0x0000000000000000       0xbe /usr/lib/gcc/arm-none-eabi/6.3.1/../../../arm-none-eabi/lib/thumb/v7-m/libc.a(lib_a-memcpy.o)
 .debug_info    0x0000000000000000       0xc8 /usr/lib/gcc/arm-none-eabi/6.3.1/../../../arm-none-eabi/lib/thumb/v7-m/libc.a(lib_a-memcpy.o)
 .debug_abbrev  0x0000000000000000       0x14 /usr/lib/gcc/arm-none-eabi/6.3.1/../../../arm-none-eabi/lib/thumb/v7-m/libc.a(lib_a-memcpy.o)
 .debug_aranges
                0x0000000000000000       0x20 /usr/lib/gcc/arm-none-eabi/6.3.1/../../../arm-none-eabi/lib/thumb/v7-m/libc.a(lib_a-memcpy.o)
 .ARM.attributes
                0x0000000000000000       0x1b /usr/lib/gcc/arm-none-eabi/6.3.1/../../../arm-none-eabi/lib/thumb/v7-m/libc.a(lib_a-memcpy.o)
 .group         0x0000000000000000        0x8 /usr/local/src/stm32hal_rtos/libopencm3/lib/libopencm3_stm32f1.a(vector.o)
 .group         0x0000000000000000        0x8 /usr/local/src/stm32hal_rtos/libopencm3/lib/libopencm3_stm32f1.a(vector.o)
 .group         0x0000000000000000        0x8 /usr/local/src/stm32hal_rtos/libopencm3/lib/libopencm3_stm32f1.a(vector.o)
 .group         0x0000000000000000        0x8 /usr/local/src/stm32hal_rtos/libopencm3/lib/libopencm3_stm32f1.a(vector.o)
 .group         0x0000000000000000        0x8 /usr/local/src/stm32hal_rtos/libopencm3/lib/libopencm3_stm32f1.a(vector.o)
 .group         0x0000000000000000        0x8 /usr/local/src/stm32hal_rtos/libopencm3/lib/libopencm3_stm32f1.a(vector.o)
 .group         0x0000000000000000        0x8 /usr/local/src/stm32hal_rtos/libopencm3/lib/libopencm3_stm32f1.a(vector.o)
 .group         0x0000000000000000        0x8 /usr/local/src/stm32hal_rtos/libopencm3/lib/libopencm3_stm32f1.a(vector.o)
 .group         0x0000000000000000        0x8 /usr/local/src/stm32hal_rtos/libopencm3/lib/libopencm3_stm32f1.a(vector.o)
 .group         0x0000000000000000        0x8 /usr/local/src/stm32hal_rtos/libopencm3/lib/libopencm3_stm32f1.a(vector.o)
 .group         0x0000000000000000        0x8 /usr/local/src/stm32hal_rtos/libopencm3/lib/libopencm3_stm32f1.a(vector.o)
 .group         0x0000000000000000        0x8 /usr/local/src/stm32hal_rtos/libopencm3/lib/libopencm3_stm32f1.a(vector.o)
 .group         0x0000000000000000        0x8 /usr/local/src/stm32hal_rtos/libopencm3/lib/libopencm3_stm32f1.a(vector.o)
 .group         0x0000000000000000        0x8 /usr/local/src/stm32hal_rtos/libopencm3/lib/libopencm3_stm32f1.a(vector.o)
 .text          0x0000000000000000        0x0 /usr/local/src/stm32hal_rtos/libopencm3/lib/libopencm3_stm32f1.a(vector.o)
 .data          0x0000000000000000        0x0 /usr/local/src/stm32hal_rtos/libopencm3/lib/libopencm3_stm32f1.a(vector.o)
 .bss           0x0000000000000000        0x0 /usr/local/src/stm32hal_rtos/libopencm3/lib/libopencm3_stm32f1.a(vector.o)

Memory Configuration

Name             Origin             Length             Attributes
rom              0x0000000008000000 0x0000000000010000 xr
ram              0x0000000020000000 0x0000000000005000 xrw
*default*        0x0000000000000000 0xffffffffffffffff

Linker script and memory map

LOAD main.o
LOAD delay.o
LOAD I2C.o
LOAD LiquidCrystal_I2C.o
LOAD USART.o
LOAD ../../stm_lib/src/stm32f10x_rcc.o
LOAD ../../stm_lib/src/stm32f10x_gpio.o
LOAD ../../stm_lib/src/stm32f10x_i2c.o
LOAD rtos/heap_4.o
LOAD rtos/list.o
LOAD rtos/port.o
LOAD rtos/queue.o
LOAD rtos/tasks.o
LOAD rtos/opencm3.o
START GROUP
LOAD /usr/lib/gcc/arm-none-eabi/6.3.1/../../../arm-none-eabi/lib/thumb/v7-m/libc.a
LOAD /usr/lib/gcc/arm-none-eabi/6.3.1/thumb/v7-m/libgcc.a
LOAD /usr/lib/gcc/arm-none-eabi/6.3.1/../../../arm-none-eabi/lib/thumb/v7-m/libnosys.a
END GROUP
LOAD /usr/local/src/stm32hal_rtos//rtos_2/libwwg/libwwg.a
LOAD /usr/local/src/stm32hal_rtos/libopencm3/lib/libopencm3_stm32f1.a
START GROUP
LOAD /usr/lib/gcc/arm-none-eabi/6.3.1/thumb/v7-m/libgcc.a
LOAD /usr/lib/gcc/arm-none-eabi/6.3.1/../../../arm-none-eabi/lib/thumb/v7-m/libc.a
END GROUP
START GROUP
LOAD /usr/lib/gcc/arm-none-eabi/6.3.1/thumb/v7-m/libgcc.a
LOAD /usr/lib/gcc/arm-none-eabi/6.3.1/../../../arm-none-eabi/lib/thumb/v7-m/libc.a
LOAD /usr/lib/gcc/arm-none-eabi/6.3.1/../../../arm-none-eabi/lib/thumb/v7-m/libnosys.a
END GROUP

.text           0x0000000008000000      0xd58
 *(.vectors)
 .vectors       0x0000000008000000      0x150 /usr/local/src/stm32hal_rtos/libopencm3/lib/libopencm3_stm32f1.a(vector.o)
                0x0000000008000000                vector_table
 *(.text*)
 .text.strlen   0x0000000008000150       0x10 main.o
                0x0000000008000150                strlen
 .text.strrev   0x0000000008000160       0x36 main.o
                0x0000000008000160                strrev
 *fill*         0x0000000008000196        0x2 
 .text.itoa     0x0000000008000198       0x4c main.o
                0x0000000008000198                itoa
 .text.displayKeyCodes
                0x00000000080001e4       0x88 main.o
                0x00000000080001e4                displayKeyCodes
 .text.startup.main
                0x000000000800026c      0x11c main.o
                0x000000000800026c                main
 .text.Delay    0x0000000008000388       0x2a delay.o
                0x0000000008000388                Delay
 *fill*         0x00000000080003b2        0x2 
 .text.DelayMC  0x00000000080003b4       0x2c delay.o
                0x00000000080003b4                DelayMC
 .text.init_I2C1
                0x00000000080003e0       0x78 I2C.o
                0x00000000080003e0                init_I2C1
 .text.I2C_StartTransmission
                0x0000000008000458       0x6c I2C.o
                0x0000000008000458                I2C_StartTransmission
 .text.I2C_WriteData
                0x00000000080004c4       0x1c I2C.o
                0x00000000080004c4                I2C_WriteData
 .text.LCDI2C_expanderWrite
                0x00000000080004e0       0x30 LiquidCrystal_I2C.o
                0x00000000080004e0                LCDI2C_expanderWrite
 .text.LCDI2C_noBacklight
                0x0000000008000510       0x10 LiquidCrystal_I2C.o
                0x0000000008000510                LCDI2C_noBacklight
 .text.LCDI2C_backlight
                0x0000000008000520       0x10 LiquidCrystal_I2C.o
                0x0000000008000520                LCDI2C_backlight
 .text.LCDI2C_pulseEnable
                0x0000000008000530       0x24 LiquidCrystal_I2C.o
                0x0000000008000530                LCDI2C_pulseEnable
 .text.LCDI2C_write4bits
                0x0000000008000554       0x12 LiquidCrystal_I2C.o
                0x0000000008000554                LCDI2C_write4bits
 .text.LCDI2C_send
                0x0000000008000566       0x1e LiquidCrystal_I2C.o
                0x0000000008000566                LCDI2C_send
 .text.LCDI2C_write
                0x0000000008000584        0x6 LiquidCrystal_I2C.o
                0x0000000008000584                LCDI2C_write
 .text.LCDI2C_command
                0x000000000800058a        0x6 LiquidCrystal_I2C.o
                0x000000000800058a                LCDI2C_command
 .text.LCDI2C_clear
                0x0000000008000590       0x14 LiquidCrystal_I2C.o
                0x0000000008000590                LCDI2C_clear
 .text.LCDI2C_home
                0x00000000080005a4       0x14 LiquidCrystal_I2C.o
                0x00000000080005a4                LCDI2C_home
 .text.LCDI2C_setCursor
                0x00000000080005b8       0x48 LiquidCrystal_I2C.o
                0x00000000080005b8                LCDI2C_setCursor
 .text.LCDI2C_display
                0x0000000008000600       0x18 LiquidCrystal_I2C.o
                0x0000000008000600                LCDI2C_display
 .text.LCDI2C_createChar
                0x0000000008000618       0x24 LiquidCrystal_I2C.o
                0x0000000008000618                LCDI2C_createChar
 .text.LCDI2C_begin
                0x000000000800063c       0x84 LiquidCrystal_I2C.o
                0x000000000800063c                LCDI2C_begin
 .text.LCDI2C_init
                0x00000000080006c0       0x28 LiquidCrystal_I2C.o
                0x00000000080006c0                LCDI2C_init
 .text.LCDI2C_write_String
                0x00000000080006e8       0x16 LiquidCrystal_I2C.o
                0x00000000080006e8                LCDI2C_write_String
 *fill*         0x00000000080006fe        0x2 
 .text.RCC_GetClocksFreq
                0x0000000008000700       0x88 ../../stm_lib/src/stm32f10x_rcc.o
                0x0000000008000700                RCC_GetClocksFreq
 .text.RCC_APB2PeriphClockCmd
                0x0000000008000788       0x18 ../../stm_lib/src/stm32f10x_rcc.o
                0x0000000008000788                RCC_APB2PeriphClockCmd
 .text.RCC_APB1PeriphClockCmd
                0x00000000080007a0       0x18 ../../stm_lib/src/stm32f10x_rcc.o
                0x00000000080007a0                RCC_APB1PeriphClockCmd
 .text.GPIO_Init
                0x00000000080007b8       0xa4 ../../stm_lib/src/stm32f10x_gpio.o
                0x00000000080007b8                GPIO_Init
 .text.I2C_Init
                0x000000000800085c       0xd4 ../../stm_lib/src/stm32f10x_i2c.o
                0x000000000800085c                I2C_Init
 .text.I2C_Cmd  0x0000000008000930       0x18 ../../stm_lib/src/stm32f10x_i2c.o
                0x0000000008000930                I2C_Cmd
 .text.I2C_GenerateSTART
                0x0000000008000948       0x18 ../../stm_lib/src/stm32f10x_i2c.o
                0x0000000008000948                I2C_GenerateSTART
 .text.I2C_GenerateSTOP
                0x0000000008000960       0x18 ../../stm_lib/src/stm32f10x_i2c.o
                0x0000000008000960                I2C_GenerateSTOP
 .text.I2C_SendData
                0x0000000008000978        0x4 ../../stm_lib/src/stm32f10x_i2c.o
                0x0000000008000978                I2C_SendData
 .text.I2C_Send7bitAddress
                0x000000000800097c       0x12 ../../stm_lib/src/stm32f10x_i2c.o
                0x000000000800097c                I2C_Send7bitAddress
 .text.I2C_CheckEvent
                0x000000000800098e       0x18 ../../stm_lib/src/stm32f10x_i2c.o
                0x000000000800098e                I2C_CheckEvent
 .text.I2C_GetFlagStatus
                0x00000000080009a6       0x34 ../../stm_lib/src/stm32f10x_i2c.o
                0x00000000080009a6                I2C_GetFlagStatus
 .text.vListInsertEnd
                0x00000000080009da       0x18 rtos/list.o
                0x00000000080009da                vListInsertEnd
 .text.uxListRemove
                0x00000000080009f2       0x20 rtos/list.o
                0x00000000080009f2                uxListRemove
 *fill*         0x0000000008000a12        0xe 
 .text.vPortSVCHandler
                0x0000000008000a20       0x24 rtos/port.o
                0x0000000008000a20                vPortSVCHandler
 *fill*         0x0000000008000a44        0xc 
 .text.xPortPendSVHandler
                0x0000000008000a50       0x44 rtos/port.o
                0x0000000008000a50                xPortPendSVHandler
 .text.xPortSysTickHandler
                0x0000000008000a94       0x2c rtos/port.o
                0x0000000008000a94                xPortSysTickHandler
 .text.prvResetNextTaskUnblockTime
                0x0000000008000ac0       0x24 rtos/tasks.o
 .text.xTaskIncrementTick
                0x0000000008000ae4      0x10c rtos/tasks.o
                0x0000000008000ae4                xTaskIncrementTick
 .text.vTaskSwitchContext
                0x0000000008000bf0       0x60 rtos/tasks.o
                0x0000000008000bf0                vTaskSwitchContext
 .text.sv_call_handler
                0x0000000008000c50        0x4 rtos/opencm3.o
                0x0000000008000c50                sv_call_handler
 .text.pend_sv_handler
                0x0000000008000c54        0x4 rtos/opencm3.o
                0x0000000008000c54                pend_sv_handler
 .text.sys_tick_handler
                0x0000000008000c58        0x4 rtos/opencm3.o
                0x0000000008000c58                sys_tick_handler
 .text.blocking_handler
                0x0000000008000c5c        0x2 /usr/local/src/stm32hal_rtos/libopencm3/lib/libopencm3_stm32f1.a(vector.o)
                0x0000000008000c5c                usart3_isr
                0x0000000008000c5c                rtc_isr
                0x0000000008000c5c                tim7_isr
                0x0000000008000c5c                adc1_2_isr
                0x0000000008000c5c                tim1_trg_com_isr
                0x0000000008000c5c                usb_hp_can_tx_isr
                0x0000000008000c5c                tim6_isr
                0x0000000008000c5c                usb_wakeup_isr
                0x0000000008000c5c                blocking_handler
                0x0000000008000c5c                tim5_isr
                0x0000000008000c5c                otg_fs_isr
                0x0000000008000c5c                spi1_isr
                0x0000000008000c5c                exti2_isr
                0x0000000008000c5c                dma1_channel6_isr
                0x0000000008000c5c                can_rx1_isr
                0x0000000008000c5c                dma1_channel5_isr
                0x0000000008000c5c                dma2_channel5_isr
                0x0000000008000c5c                usart1_isr
                0x0000000008000c5c                usage_fault_handler
                0x0000000008000c5c                tim8_trg_com_isr
                0x0000000008000c5c                can2_rx0_isr
                0x0000000008000c5c                tim1_brk_isr
                0x0000000008000c5c                can2_rx1_isr
                0x0000000008000c5c                tim1_cc_isr
                0x0000000008000c5c                sdio_isr
                0x0000000008000c5c                eth_isr
                0x0000000008000c5c                dma1_channel4_isr
                0x0000000008000c5c                tim8_brk_isr
                0x0000000008000c5c                dma2_channel4_5_isr
                0x0000000008000c5c                pvd_isr
                0x0000000008000c5c                rcc_isr
                0x0000000008000c5c                flash_isr
                0x0000000008000c5c                uart4_isr
                0x0000000008000c5c                rtc_alarm_isr
                0x0000000008000c5c                exti15_10_isr
                0x0000000008000c5c                hard_fault_handler
                0x0000000008000c5c                exti1_isr
                0x0000000008000c5c                i2c1_ev_isr
                0x0000000008000c5c                dma2_channel1_isr
                0x0000000008000c5c                spi2_isr
                0x0000000008000c5c                tim8_up_isr
                0x0000000008000c5c                dma2_channel2_isr
                0x0000000008000c5c                exti3_isr
                0x0000000008000c5c                adc3_isr
                0x0000000008000c5c                tim3_isr
                0x0000000008000c5c                usart2_isr
                0x0000000008000c5c                usb_lp_can_rx0_isr
                0x0000000008000c5c                i2c2_er_isr
                0x0000000008000c5c                i2c2_ev_isr
                0x0000000008000c5c                uart5_isr
                0x0000000008000c5c                fsmc_isr
                0x0000000008000c5c                dma1_channel1_isr
                0x0000000008000c5c                exti4_isr
                0x0000000008000c5c                mem_manage_handler
                0x0000000008000c5c                can2_tx_isr
                0x0000000008000c5c                exti9_5_isr
                0x0000000008000c5c                dma2_channel3_isr
                0x0000000008000c5c                dma1_channel7_isr
                0x0000000008000c5c                tim1_up_isr
                0x0000000008000c5c                can2_sce_isr
                0x0000000008000c5c                tim4_isr
                0x0000000008000c5c                dma1_channel2_isr
                0x0000000008000c5c                i2c1_er_isr
                0x0000000008000c5c                can_sce_isr
                0x0000000008000c5c                tim8_cc_isr
                0x0000000008000c5c                tamper_isr
                0x0000000008000c5c                eth_wkup_isr
                0x0000000008000c5c                bus_fault_handler
                0x0000000008000c5c                wwdg_isr
                0x0000000008000c5c                dma1_channel3_isr
                0x0000000008000c5c                spi3_isr
                0x0000000008000c5c                tim2_isr
                0x0000000008000c5c                exti0_isr
 .text.null_handler
                0x0000000008000c5e        0x2 /usr/local/src/stm32hal_rtos/libopencm3/lib/libopencm3_stm32f1.a(vector.o)
                0x0000000008000c5e                null_handler
                0x0000000008000c5e                debug_monitor_handler
                0x0000000008000c5e                nmi_handler
 .text.reset_handler
                0x0000000008000c60       0x94 /usr/local/src/stm32hal_rtos/libopencm3/lib/libopencm3_stm32f1.a(vector.o)
                0x0000000008000c60                reset_handler
                0x0000000008000cf4                . = ALIGN (0x4)
 *(.rodata*)
 .rodata.digits.5508
                0x0000000008000cf4       0x25 main.o
 .rodata.displayKeyCodes.str1.1
                0x0000000008000d19       0x1f main.o
 .rodata.main.str1.1
                0x0000000008000d38       0x10 main.o
 .rodata        0x0000000008000d48       0x10 LiquidCrystal_I2C.o
                0x0000000008000d58                . = ALIGN (0x4)

.glue_7         0x0000000008000d58        0x0
 .glue_7        0x0000000008000d58        0x0 linker stubs

.glue_7t        0x0000000008000d58        0x0
 .glue_7t       0x0000000008000d58        0x0 linker stubs

.vfp11_veneer   0x0000000008000d58        0x0
 .vfp11_veneer  0x0000000008000d58        0x0 linker stubs

.v4_bx          0x0000000008000d58        0x0
 .v4_bx         0x0000000008000d58        0x0 linker stubs

.iplt           0x0000000008000d58        0x0
 .iplt          0x0000000008000d58        0x0 main.o

.rel.dyn        0x0000000008000d58        0x0
 .rel.iplt      0x0000000008000d58        0x0 main.o

.preinit_array  0x0000000008000d58        0x0
                0x0000000008000d58                . = ALIGN (0x4)
                0x0000000008000d58                __preinit_array_start = .
 *(.preinit_array)
                0x0000000008000d58                __preinit_array_end = .

.init_array     0x0000000008000d58        0x0
                0x0000000008000d58                . = ALIGN (0x4)
                0x0000000008000d58                __init_array_start = .
 *(SORT(.init_array.*))
 *(.init_array)
                0x0000000008000d58                __init_array_end = .

.fini_array     0x0000000008000d58        0x0
                0x0000000008000d58                . = ALIGN (0x4)
                0x0000000008000d58                __fini_array_start = .
 *(.fini_array)
 *(SORT(.fini_array.*))
                0x0000000008000d58                __fini_array_end = .

.ARM.extab
 *(.ARM.extab*)

.ARM.exidx      0x0000000008000d58        0x0
                0x0000000008000d58                __exidx_start = .
 *(.ARM.exidx*)
                0x0000000008000d58                __exidx_end = .
                0x0000000008000d58                . = ALIGN (0x4)
                0x0000000008000d58                _etext = .

.data           0x0000000020000000       0x54 load address 0x0000000008000d58
                0x0000000020000000                _data = .
 *(.data*)
 .data.habr1    0x0000000020000000        0x8 main.o
                0x0000000020000000                habr1
 .data.habr2    0x0000000020000008        0x8 main.o
                0x0000000020000008                habr2
 .data.habr3    0x0000000020000010        0x8 main.o
                0x0000000020000010                habr3
 .data.habr4    0x0000000020000018        0x8 main.o
                0x0000000020000018                habr4
 .data.habr5    0x0000000020000020        0x8 main.o
                0x0000000020000020                habr5
 .data.habr6    0x0000000020000028        0x8 main.o
                0x0000000020000028                habr6
 .data.habr7    0x0000000020000030        0x8 main.o
                0x0000000020000030                habr7
 .data.habr8    0x0000000020000038        0x8 main.o
                0x0000000020000038                habr8
 .data.ADCPrescTable
                0x0000000020000040        0x4 ../../stm_lib/src/stm32f10x_rcc.o
 .data.APBAHBPrescTable
                0x0000000020000044       0x10 ../../stm_lib/src/stm32f10x_rcc.o
                0x0000000020000054                . = ALIGN (0x4)
                0x0000000020000054                _edata = .
                0x0000000008000d58                _data_loadaddr = LOADADDR (.data)

.igot.plt       0x0000000020000054        0x0 load address 0x0000000008000dac
 .igot.plt      0x0000000020000054        0x0 main.o

.bss            0x0000000020000054       0xa8 load address 0x0000000008000dac
 *(.bss*)
 .bss.i2c       0x0000000020000054       0x10 I2C.o
                0x0000000020000054                i2c
 .bss.i2c_gpio  0x0000000020000064        0x4 I2C.o
                0x0000000020000064                i2c_gpio
 .bss.lcdi2c    0x0000000020000068        0x8 LiquidCrystal_I2C.o
                0x0000000020000068                lcdi2c
 .bss.pxCurrentTCB
                0x0000000020000070        0x4 rtos/tasks.o
                0x0000000020000070                pxCurrentTCB
 .bss.pxDelayedTaskList
                0x0000000020000074        0x4 rtos/tasks.o
 .bss.pxOverflowDelayedTaskList
                0x0000000020000078        0x4 rtos/tasks.o
 .bss.pxReadyTasksLists
                0x000000002000007c       0x64 rtos/tasks.o
 .bss.uxPendedTicks
                0x00000000200000e0        0x4 rtos/tasks.o
 .bss.uxSchedulerSuspended
                0x00000000200000e4        0x4 rtos/tasks.o
 .bss.uxTopReadyPriority
                0x00000000200000e8        0x4 rtos/tasks.o
 .bss.xNextTaskUnblockTime
                0x00000000200000ec        0x4 rtos/tasks.o
 .bss.xNumOfOverflows
                0x00000000200000f0        0x4 rtos/tasks.o
 .bss.xTickCount
                0x00000000200000f4        0x4 rtos/tasks.o
 .bss.xYieldPending
                0x00000000200000f8        0x4 rtos/tasks.o
 *(COMMON)
                0x00000000200000fc                . = ALIGN (0x4)
                0x00000000200000fc                _ebss = .

/DISCARD/
 *(.eh_frame)
                0x00000000200000fc                . = ALIGN (0x4)
                0x00000000200000fc                end = .
                0x0000000020005000                PROVIDE (_stack, (ORIGIN (ram) + LENGTH (ram)))
OUTPUT(main.elf elf32-littlearm)

.debug_info     0x0000000000000000     0x6fb8
 .debug_info    0x0000000000000000      0x880 main.o
 .debug_info    0x0000000000000880      0x1bc delay.o
 .debug_info    0x0000000000000a3c      0x685 I2C.o
 .debug_info    0x00000000000010c1      0xb10 LiquidCrystal_I2C.o
 .debug_info    0x0000000000001bd1      0x8e4 ../../stm_lib/src/stm32f10x_rcc.o
 .debug_info    0x00000000000024b5      0x7f8 ../../stm_lib/src/stm32f10x_gpio.o
 .debug_info    0x0000000000002cad      0xb65 ../../stm_lib/src/stm32f10x_i2c.o
 .debug_info    0x0000000000003812      0xa9d rtos/list.o
 .debug_info    0x00000000000042af      0x302 rtos/port.o
 .debug_info    0x00000000000045b1     0x2626 rtos/tasks.o
 .debug_info    0x0000000000006bd7      0x132 rtos/opencm3.o
 .debug_info    0x0000000000006d09      0x2af /usr/local/src/stm32hal_rtos/libopencm3/lib/libopencm3_stm32f1.a(vector.o)

.debug_abbrev   0x0000000000000000     0x171f
 .debug_abbrev  0x0000000000000000      0x1f3 main.o
 .debug_abbrev  0x00000000000001f3       0xdc delay.o
 .debug_abbrev  0x00000000000002cf      0x19b I2C.o
 .debug_abbrev  0x000000000000046a      0x275 LiquidCrystal_I2C.o
 .debug_abbrev  0x00000000000006df      0x1f5 ../../stm_lib/src/stm32f10x_rcc.o
 .debug_abbrev  0x00000000000008d4      0x21c ../../stm_lib/src/stm32f10x_gpio.o
 .debug_abbrev  0x0000000000000af0      0x254 ../../stm_lib/src/stm32f10x_i2c.o
 .debug_abbrev  0x0000000000000d44      0x1ff rtos/list.o
 .debug_abbrev  0x0000000000000f43      0x1d4 rtos/port.o
 .debug_abbrev  0x0000000000001117      0x460 rtos/tasks.o
 .debug_abbrev  0x0000000000001577       0x81 rtos/opencm3.o
 .debug_abbrev  0x00000000000015f8      0x127 /usr/local/src/stm32hal_rtos/libopencm3/lib/libopencm3_stm32f1.a(vector.o)

.debug_loc      0x0000000000000000     0x3031
 .debug_loc     0x0000000000000000      0x2ef main.o
 .debug_loc     0x00000000000002ef       0x58 delay.o
 .debug_loc     0x0000000000000347       0xf2 I2C.o
 .debug_loc     0x0000000000000439      0x39f LiquidCrystal_I2C.o
 .debug_loc     0x00000000000007d8      0x6b8 ../../stm_lib/src/stm32f10x_rcc.o
 .debug_loc     0x0000000000000e90      0x520 ../../stm_lib/src/stm32f10x_gpio.o
 .debug_loc     0x00000000000013b0      0x646 ../../stm_lib/src/stm32f10x_i2c.o
 .debug_loc     0x00000000000019f6       0x94 rtos/list.o
 .debug_loc     0x0000000000001a8a       0xa8 rtos/port.o
 .debug_loc     0x0000000000001b32     0x1415 rtos/tasks.o
 .debug_loc     0x0000000000002f47       0xea /usr/local/src/stm32hal_rtos/libopencm3/lib/libopencm3_stm32f1.a(vector.o)

.debug_aranges  0x0000000000000000      0x700
 .debug_aranges
                0x0000000000000000       0x40 main.o
 .debug_aranges
                0x0000000000000040       0x28 delay.o
 .debug_aranges
                0x0000000000000068       0x38 I2C.o
 .debug_aranges
                0x00000000000000a0      0x120 LiquidCrystal_I2C.o
 .debug_aranges
                0x00000000000001c0      0x118 ../../stm_lib/src/stm32f10x_rcc.o
 .debug_aranges
                0x00000000000002d8       0xa8 ../../stm_lib/src/stm32f10x_gpio.o
 .debug_aranges
                0x0000000000000380      0x110 ../../stm_lib/src/stm32f10x_i2c.o
 .debug_aranges
                0x0000000000000490       0x40 rtos/list.o
 .debug_aranges
                0x00000000000004d0       0x70 rtos/port.o
 .debug_aranges
                0x0000000000000540      0x160 rtos/tasks.o
 .debug_aranges
                0x00000000000006a0       0x30 rtos/opencm3.o
 .debug_aranges
                0x00000000000006d0       0x30 /usr/local/src/stm32hal_rtos/libopencm3/lib/libopencm3_stm32f1.a(vector.o)

.debug_ranges   0x0000000000000000      0x798
 .debug_ranges  0x0000000000000000       0x48 main.o
 .debug_ranges  0x0000000000000048       0x18 delay.o
 .debug_ranges  0x0000000000000060       0x28 I2C.o
 .debug_ranges  0x0000000000000088      0x110 LiquidCrystal_I2C.o
 .debug_ranges  0x0000000000000198      0x108 ../../stm_lib/src/stm32f10x_rcc.o
 .debug_ranges  0x00000000000002a0       0x98 ../../stm_lib/src/stm32f10x_gpio.o
 .debug_ranges  0x0000000000000338      0x100 ../../stm_lib/src/stm32f10x_i2c.o
 .debug_ranges  0x0000000000000438       0x30 rtos/list.o
 .debug_ranges  0x0000000000000468       0x60 rtos/port.o
 .debug_ranges  0x00000000000004c8      0x290 rtos/tasks.o
 .debug_ranges  0x0000000000000758       0x20 rtos/opencm3.o
 .debug_ranges  0x0000000000000778       0x20 /usr/local/src/stm32hal_rtos/libopencm3/lib/libopencm3_stm32f1.a(vector.o)

.debug_line     0x0000000000000000     0x2486
 .debug_line    0x0000000000000000      0x1fc main.o
 .debug_line    0x00000000000001fc      0x173 delay.o
 .debug_line    0x000000000000036f      0x1fd I2C.o
 .debug_line    0x000000000000056c      0x417 LiquidCrystal_I2C.o
 .debug_line    0x0000000000000983      0x41f ../../stm_lib/src/stm32f10x_rcc.o
 .debug_line    0x0000000000000da2      0x34d ../../stm_lib/src/stm32f10x_gpio.o
 .debug_line    0x00000000000010ef      0x45f ../../stm_lib/src/stm32f10x_i2c.o
 .debug_line    0x000000000000154e      0x176 rtos/list.o
 .debug_line    0x00000000000016c4      0x1a0 rtos/port.o
 .debug_line    0x0000000000001864      0x874 rtos/tasks.o
 .debug_line    0x00000000000020d8      0x101 rtos/opencm3.o
 .debug_line    0x00000000000021d9      0x2ad /usr/local/src/stm32hal_rtos/libopencm3/lib/libopencm3_stm32f1.a(vector.o)

.debug_str      0x0000000000000000     0x7dea
 .debug_str     0x0000000000000000      0x22c main.o
                                        0x2e3 (size before relaxing)
 .debug_str     0x000000000000022c       0x97 delay.o
                                        0x22e (size before relaxing)
 .debug_str     0x00000000000002c3      0x32c I2C.o
                                        0x4e3 (size before relaxing)
 .debug_str     0x00000000000005ef      0x29d LiquidCrystal_I2C.o
                                        0x5d1 (size before relaxing)
 .debug_str     0x000000000000088c      0x3af ../../stm_lib/src/stm32f10x_rcc.o
                                        0x658 (size before relaxing)
 .debug_str     0x0000000000000c3b      0x236 ../../stm_lib/src/stm32f10x_gpio.o
                                        0x56e (size before relaxing)
 .debug_str     0x0000000000000e71      0x29b ../../stm_lib/src/stm32f10x_i2c.o
                                        0x6cd (size before relaxing)
 .debug_str     0x000000000000110c      0x4ef rtos/list.o
                                        0x687 (size before relaxing)
 .debug_str     0x00000000000015fb      0x183 rtos/port.o
                                        0x30c (size before relaxing)
 .debug_str     0x000000000000177e      0xa11 rtos/tasks.o
                                       0x118b (size before relaxing)
 .debug_str     0x000000000000218f       0x78 rtos/opencm3.o
                                        0x216 (size before relaxing)
 .debug_str     0x0000000000002207     0x5be3 /usr/local/src/stm32hal_rtos/libopencm3/lib/libopencm3_stm32f1.a(vector.o)
                                       0x5d66 (size before relaxing)

.comment        0x0000000000000000       0x31
 .comment       0x0000000000000000       0x31 main.o
                                         0x32 (size before relaxing)
 .comment       0x0000000000000031       0x32 delay.o
 .comment       0x0000000000000031       0x32 I2C.o
 .comment       0x0000000000000031       0x32 LiquidCrystal_I2C.o
 .comment       0x0000000000000031       0x32 ../../stm_lib/src/stm32f10x_rcc.o
 .comment       0x0000000000000031       0x32 ../../stm_lib/src/stm32f10x_gpio.o
 .comment       0x0000000000000031       0x32 ../../stm_lib/src/stm32f10x_i2c.o
 .comment       0x0000000000000031       0x32 rtos/list.o
 .comment       0x0000000000000031       0x32 rtos/port.o
 .comment       0x0000000000000031       0x32 rtos/tasks.o
 .comment       0x0000000000000031       0x32 rtos/opencm3.o
 .comment       0x0000000000000031       0x32 /usr/local/src/stm32hal_rtos/libopencm3/lib/libopencm3_stm32f1.a(vector.o)

.ARM.attributes
                0x0000000000000000       0x31
 .ARM.attributes
                0x0000000000000000       0x33 main.o
 .ARM.attributes
                0x0000000000000033       0x33 delay.o
 .ARM.attributes
                0x0000000000000066       0x33 I2C.o
 .ARM.attributes
                0x0000000000000099       0x33 LiquidCrystal_I2C.o
 .ARM.attributes
                0x00000000000000cc       0x33 ../../stm_lib/src/stm32f10x_rcc.o
 .ARM.attributes
                0x00000000000000ff       0x33 ../../stm_lib/src/stm32f10x_gpio.o
 .ARM.attributes
                0x0000000000000132       0x33 ../../stm_lib/src/stm32f10x_i2c.o
 .ARM.attributes
                0x0000000000000165       0x33 rtos/list.o
 .ARM.attributes
                0x0000000000000198       0x33 rtos/port.o
 .ARM.attributes
                0x00000000000001cb       0x33 rtos/tasks.o
 .ARM.attributes
                0x00000000000001fe       0x33 rtos/opencm3.o
 .ARM.attributes
                0x0000000000000231       0x33 /usr/local/src/stm32hal_rtos/libopencm3/lib/libopencm3_stm32f1.a(vector.o)

.debug_frame    0x0000000000000000     0x1074
 .debug_frame   0x0000000000000000       0x98 main.o
 .debug_frame   0x0000000000000098       0x50 delay.o
 .debug_frame   0x00000000000000e8       0x8c I2C.o
 .debug_frame   0x0000000000000174      0x2cc LiquidCrystal_I2C.o
 .debug_frame   0x0000000000000440      0x220 ../../stm_lib/src/stm32f10x_rcc.o
 .debug_frame   0x0000000000000660      0x170 ../../stm_lib/src/stm32f10x_gpio.o
 .debug_frame   0x00000000000007d0      0x258 ../../stm_lib/src/stm32f10x_i2c.o
 .debug_frame   0x0000000000000a28       0x6c rtos/list.o
 .debug_frame   0x0000000000000a94       0xd0 rtos/port.o
 .debug_frame   0x0000000000000b64      0x484 rtos/tasks.o
 .debug_frame   0x0000000000000fe8       0x40 rtos/opencm3.o
 .debug_frame   0x0000000000001028       0x4c /usr/local/src/stm32hal_rtos/libopencm3/lib/libopencm3_stm32f1.a(vector.o)

.debug_macro    0x0000000000000000     0x14a9
 .debug_macro   0x0000000000000000       0xcf /usr/local/src/stm32hal_rtos/libopencm3/lib/libopencm3_stm32f1.a(vector.o)
 .debug_macro   0x00000000000000cf      0x8aa /usr/local/src/stm32hal_rtos/libopencm3/lib/libopencm3_stm32f1.a(vector.o)
 .debug_macro   0x0000000000000979       0x76 /usr/local/src/stm32hal_rtos/libopencm3/lib/libopencm3_stm32f1.a(vector.o)
 .debug_macro   0x00000000000009ef       0x1c /usr/local/src/stm32hal_rtos/libopencm3/lib/libopencm3_stm32f1.a(vector.o)
 .debug_macro   0x0000000000000a0b       0x22 /usr/local/src/stm32hal_rtos/libopencm3/lib/libopencm3_stm32f1.a(vector.o)
 .debug_macro   0x0000000000000a2d       0x4f /usr/local/src/stm32hal_rtos/libopencm3/lib/libopencm3_stm32f1.a(vector.o)
 .debug_macro   0x0000000000000a7c       0x44 /usr/local/src/stm32hal_rtos/libopencm3/lib/libopencm3_stm32f1.a(vector.o)
 .debug_macro   0x0000000000000ac0       0xfd /usr/local/src/stm32hal_rtos/libopencm3/lib/libopencm3_stm32f1.a(vector.o)
 .debug_macro   0x0000000000000bbd       0x5e /usr/local/src/stm32hal_rtos/libopencm3/lib/libopencm3_stm32f1.a(vector.o)
 .debug_macro   0x0000000000000c1b      0x1df /usr/local/src/stm32hal_rtos/libopencm3/lib/libopencm3_stm32f1.a(vector.o)
 .debug_macro   0x0000000000000dfa       0x22 /usr/local/src/stm32hal_rtos/libopencm3/lib/libopencm3_stm32f1.a(vector.o)
 .debug_macro   0x0000000000000e1c       0xe8 /usr/local/src/stm32hal_rtos/libopencm3/lib/libopencm3_stm32f1.a(vector.o)
 .debug_macro   0x0000000000000f04      0x395 /usr/local/src/stm32hal_rtos/libopencm3/lib/libopencm3_stm32f1.a(vector.o)
 .debug_macro   0x0000000000001299       0x6e /usr/local/src/stm32hal_rtos/libopencm3/lib/libopencm3_stm32f1.a(vector.o)
 .debug_macro   0x0000000000001307      0x1a2 /usr/local/src/stm32hal_rtos/libopencm3/lib/libopencm3_stm32f1.a(vector.o)
