Archive member included to satisfy reference by file (symbol)

/usr/lib/gcc/arm-none-eabi/6.3.1/../../../arm-none-eabi/lib/thumb/v7-m/libc.a(lib_a-memcpy.o)
                              rtos/queue.o (memcpy)
/usr/lib/gcc/arm-none-eabi/6.3.1/../../../arm-none-eabi/lib/thumb/v7-m/libc.a(lib_a-printf.o)
                              clock.o (printf)
/usr/lib/gcc/arm-none-eabi/6.3.1/../../../arm-none-eabi/lib/thumb/v7-m/libc.a(lib_a-scanf.o)
                              clock.o (scanf)
/usr/lib/gcc/arm-none-eabi/6.3.1/../../../arm-none-eabi/lib/thumb/v7-m/libc.a(lib_a-setjmp.o)
                              i2c.o (longjmp)
/usr/lib/gcc/arm-none-eabi/6.3.1/../../../arm-none-eabi/lib/thumb/v7-m/libc.a(lib_a-vfprintf.o)
                              /usr/lib/gcc/arm-none-eabi/6.3.1/../../../arm-none-eabi/lib/thumb/v7-m/libc.a(lib_a-printf.o) (_vfprintf_r)
/usr/lib/gcc/arm-none-eabi/6.3.1/../../../arm-none-eabi/lib/thumb/v7-m/libc.a(lib_a-vfscanf.o)
                              /usr/lib/gcc/arm-none-eabi/6.3.1/../../../arm-none-eabi/lib/thumb/v7-m/libc.a(lib_a-scanf.o) (_vfscanf_r)
/usr/lib/gcc/arm-none-eabi/6.3.1/../../../arm-none-eabi/lib/thumb/v7-m/libc.a(lib_a-wsetup.o)
                              /usr/lib/gcc/arm-none-eabi/6.3.1/../../../arm-none-eabi/lib/thumb/v7-m/libc.a(lib_a-vfprintf.o) (__swsetup_r)
/usr/lib/gcc/arm-none-eabi/6.3.1/../../../arm-none-eabi/lib/thumb/v7-m/libc.a(lib_a-ctype_.o)
                              /usr/lib/gcc/arm-none-eabi/6.3.1/../../../arm-none-eabi/lib/thumb/v7-m/libc.a(lib_a-vfscanf.o) (__ctype_ptr__)
/usr/lib/gcc/arm-none-eabi/6.3.1/../../../arm-none-eabi/lib/thumb/v7-m/libc.a(lib_a-dtoa.o)
                              /usr/lib/gcc/arm-none-eabi/6.3.1/../../../arm-none-eabi/lib/thumb/v7-m/libc.a(lib_a-vfprintf.o) (_dtoa_r)
/usr/lib/gcc/arm-none-eabi/6.3.1/../../../arm-none-eabi/lib/thumb/v7-m/libc.a(lib_a-fflush.o)
                              /usr/lib/gcc/arm-none-eabi/6.3.1/../../../arm-none-eabi/lib/thumb/v7-m/libc.a(lib_a-vfprintf.o) (_fflush_r)
/usr/lib/gcc/arm-none-eabi/6.3.1/../../../arm-none-eabi/lib/thumb/v7-m/libc.a(lib_a-findfp.o)
                              /usr/lib/gcc/arm-none-eabi/6.3.1/../../../arm-none-eabi/lib/thumb/v7-m/libc.a(lib_a-vfprintf.o) (__sinit)
/usr/lib/gcc/arm-none-eabi/6.3.1/../../../arm-none-eabi/lib/thumb/v7-m/libc.a(lib_a-fread.o)
                              /usr/lib/gcc/arm-none-eabi/6.3.1/../../../arm-none-eabi/lib/thumb/v7-m/libc.a(lib_a-vfscanf.o) (_fread_r)
/usr/lib/gcc/arm-none-eabi/6.3.1/../../../arm-none-eabi/lib/thumb/v7-m/libc.a(lib_a-freer.o)
                              /usr/lib/gcc/arm-none-eabi/6.3.1/../../../arm-none-eabi/lib/thumb/v7-m/libc.a(lib_a-wsetup.o) (_free_r)
/usr/lib/gcc/arm-none-eabi/6.3.1/../../../arm-none-eabi/lib/thumb/v7-m/libc.a(lib_a-fwalk.o)
                              /usr/lib/gcc/arm-none-eabi/6.3.1/../../../arm-none-eabi/lib/thumb/v7-m/libc.a(lib_a-findfp.o) (_fwalk)
/usr/lib/gcc/arm-none-eabi/6.3.1/../../../arm-none-eabi/lib/thumb/v7-m/libc.a(lib_a-impure.o)
                              /usr/lib/gcc/arm-none-eabi/6.3.1/../../../arm-none-eabi/lib/thumb/v7-m/libc.a(lib_a-fflush.o) (_global_impure_ptr)
/usr/lib/gcc/arm-none-eabi/6.3.1/../../../arm-none-eabi/lib/thumb/v7-m/libc.a(lib_a-iswspace.o)
                              /usr/lib/gcc/arm-none-eabi/6.3.1/../../../arm-none-eabi/lib/thumb/v7-m/libc.a(lib_a-vfscanf.o) (iswspace)
/usr/lib/gcc/arm-none-eabi/6.3.1/../../../arm-none-eabi/lib/thumb/v7-m/libc.a(lib_a-locale.o)
                              /usr/lib/gcc/arm-none-eabi/6.3.1/../../../arm-none-eabi/lib/thumb/v7-m/libc.a(lib_a-vfscanf.o) (__locale_mb_cur_max)
/usr/lib/gcc/arm-none-eabi/6.3.1/../../../arm-none-eabi/lib/thumb/v7-m/libc.a(lib_a-makebuf.o)
                              /usr/lib/gcc/arm-none-eabi/6.3.1/../../../arm-none-eabi/lib/thumb/v7-m/libc.a(lib_a-wsetup.o) (__smakebuf_r)
/usr/lib/gcc/arm-none-eabi/6.3.1/../../../arm-none-eabi/lib/thumb/v7-m/libc.a(lib_a-mallocr.o)
                              /usr/lib/gcc/arm-none-eabi/6.3.1/../../../arm-none-eabi/lib/thumb/v7-m/libc.a(lib_a-findfp.o) (_malloc_r)
/usr/lib/gcc/arm-none-eabi/6.3.1/../../../arm-none-eabi/lib/thumb/v7-m/libc.a(lib_a-mbrtowc.o)
                              /usr/lib/gcc/arm-none-eabi/6.3.1/../../../arm-none-eabi/lib/thumb/v7-m/libc.a(lib_a-vfscanf.o) (_mbrtowc_r)
/usr/lib/gcc/arm-none-eabi/6.3.1/../../../arm-none-eabi/lib/thumb/v7-m/libc.a(lib_a-mbtowc_r.o)
                              /usr/lib/gcc/arm-none-eabi/6.3.1/../../../arm-none-eabi/lib/thumb/v7-m/libc.a(lib_a-mbrtowc.o) (__mbtowc)
/usr/lib/gcc/arm-none-eabi/6.3.1/../../../arm-none-eabi/lib/thumb/v7-m/libc.a(lib_a-memchr-stub.o)
                              /usr/lib/gcc/arm-none-eabi/6.3.1/../../../arm-none-eabi/lib/thumb/v7-m/libc.a(lib_a-vfprintf.o) (memchr)
/usr/lib/gcc/arm-none-eabi/6.3.1/../../../arm-none-eabi/lib/thumb/v7-m/libc.a(lib_a-memset.o)
[...]
Memory Configuration

Name             Origin             Length             Attributes
rom              0x0000000008000000 0x0000000000010000 xr
ram              0x0000000020000000 0x0000000000005000 xrw
*default*        0x0000000000000000 0xffffffffffffffff

Linker script and memory map

LOAD main.o
LOAD i2c.o
LOAD lcd_hd44780_i2c.o
LOAD clock.o
LOAD rtos/heap_4.o
LOAD rtos/list.o
LOAD rtos/port.o
LOAD rtos/queue.o
LOAD rtos/tasks.o
LOAD rtos/opencm3.o
LOAD ../../Drivers/STM32F1xx_HAL_Driver/Src/stm32f1xx_hal_i2c.o
LOAD ../../Drivers/STM32F1xx_HAL_Driver/Src/stm32f1xx_hal_dma.o
LOAD ../../Drivers/STM32F1xx_HAL_Driver/Src/stm32f1xx_hal_gpio.o
LOAD ../../Drivers/STM32F1xx_HAL_Driver/Src/stm32f1xx_ll_utils.o
START GROUP
LOAD /usr/lib/gcc/arm-none-eabi/6.3.1/../../../arm-none-eabi/lib/thumb/v7-m/libc.a
LOAD /usr/lib/gcc/arm-none-eabi/6.3.1/thumb/v7-m/libgcc.a
LOAD /usr/lib/gcc/arm-none-eabi/6.3.1/../../../arm-none-eabi/lib/thumb/v7-m/libnosys.a
END GROUP
LOAD /usr/local/src/stm32hal_rtos//rtos_2/libwwg/libwwg.a
LOAD /usr/local/src/stm32hal_rtos/libopencm3/lib/libopencm3_stm32f1.a
START GROUP
LOAD /usr/lib/gcc/arm-none-eabi/6.3.1/thumb/v7-m/libgcc.a
LOAD /usr/lib/gcc/arm-none-eabi/6.3.1/../../../arm-none-eabi/lib/thumb/v7-m/libc.a
END GROUP
START GROUP
LOAD /usr/lib/gcc/arm-none-eabi/6.3.1/thumb/v7-m/libgcc.a
LOAD /usr/lib/gcc/arm-none-eabi/6.3.1/../../../arm-none-eabi/lib/thumb/v7-m/libc.a
LOAD /usr/lib/gcc/arm-none-eabi/6.3.1/../../../arm-none-eabi/lib/thumb/v7-m/libnosys.a
END GROUP

.text           0x0000000008000000     0x115c
 *(.vectors)
 .vectors       0x0000000008000000      0x150 /usr/local/src/stm32hal_rtos/libopencm3/lib/libopencm3_stm32f1.a(vector.o)
                0x0000000008000000                vector_table
 *(.text*)
 .text.task1    0x0000000008000150       0x2c main.o
 .text.exti15_10_isr
                0x000000000800017c       0x30 main.o
                0x000000000800017c                exti15_10_isr
 .text.startup.main
                0x00000000080001ac       0x50 main.o
                0x00000000080001ac                main
 .text.lcdWriteByte
                0x00000000080001fc       0x6c lcd_hd44780_i2c.o
 .text.lcdPrintStr
                0x0000000008000268       0x1e lcd_hd44780_i2c.o
                0x0000000008000268                lcdPrintStr
 *fill*         0x0000000008000286        0x2 
 .text.prvInsertBlockIntoFreeList
                0x0000000008000288       0x48 rtos/heap_4.o
 .text.pvPortMalloc
                0x00000000080002d0       0xf4 rtos/heap_4.o
                0x00000000080002d0                pvPortMalloc
 .text.vPortFree
                0x00000000080003c4       0x4c rtos/heap_4.o
                0x00000000080003c4                vPortFree
 .text.vListInitialise
                0x0000000008000410       0x16 rtos/list.o
                0x0000000008000410                vListInitialise
 .text.vListInitialiseItem
                0x0000000008000426        0x6 rtos/list.o
                0x0000000008000426                vListInitialiseItem
 .text.vListInsertEnd
                0x000000000800042c       0x18 rtos/list.o
                0x000000000800042c                vListInsertEnd
 .text.vListInsert
                0x0000000008000444       0x2e rtos/list.o
                0x0000000008000444                vListInsert
 .text.uxListRemove
                0x0000000008000472       0x20 rtos/list.o
                0x0000000008000472                uxListRemove
 .text.prvTaskExitError
                0x0000000008000492       0x12 rtos/port.o
 .text.prvPortStartFirstTask
                0x00000000080004a4       0x20 rtos/port.o
 .text.pxPortInitialiseStack
                0x00000000080004c4       0x24 rtos/port.o
                0x00000000080004c4                pxPortInitialiseStack
 *fill*         0x00000000080004e8        0x8 
 .text.vPortSVCHandler
                0x00000000080004f0       0x24 rtos/port.o
                0x00000000080004f0                vPortSVCHandler
 .text.vPortEnterCritical
                0x0000000008000514       0x20 rtos/port.o
                0x0000000008000514                vPortEnterCritical
 .text.vPortExitCritical
                0x0000000008000534       0x14 rtos/port.o
                0x0000000008000534                vPortExitCritical
 *fill*         0x0000000008000548        0x8 
 .text.xPortPendSVHandler
                0x0000000008000550       0x44 rtos/port.o
                0x0000000008000550                xPortPendSVHandler
 .text.xPortSysTickHandler
                0x0000000008000594       0x2c rtos/port.o
                0x0000000008000594                xPortSysTickHandler
 .text.vPortSetupTimerInterrupt
                0x00000000080005c0       0x14 rtos/port.o
                0x00000000080005c0                vPortSetupTimerInterrupt
 .text.xPortStartScheduler
                0x00000000080005d4       0x30 rtos/port.o
                0x00000000080005d4                xPortStartScheduler
 .text.prvResetNextTaskUnblockTime
                0x0000000008000604       0x24 rtos/tasks.o
 .text.prvAddCurrentTaskToDelayedList
                0x0000000008000628       0x8c rtos/tasks.o
 .text.xTaskCreate
                0x00000000080006b4      0x1c0 rtos/tasks.o
                0x00000000080006b4                xTaskCreate
 .text.vTaskStartScheduler
                0x0000000008000874       0x60 rtos/tasks.o
                0x0000000008000874                vTaskStartScheduler
 .text.vTaskSuspendAll
                0x00000000080008d4       0x10 rtos/tasks.o
                0x00000000080008d4                vTaskSuspendAll
 .text.xTaskIncrementTick
                0x00000000080008e4      0x10c rtos/tasks.o
                0x00000000080008e4                xTaskIncrementTick
 .text.xTaskResumeAll
                0x00000000080009f0       0xd8 rtos/tasks.o
                0x00000000080009f0                xTaskResumeAll
 .text.vTaskDelay
                0x0000000008000ac8       0x30 rtos/tasks.o
                0x0000000008000ac8                vTaskDelay
 .text.prvIdleTask
                0x0000000008000af8       0x74 rtos/tasks.o
 .text.vTaskSwitchContext
                0x0000000008000b6c       0x60 rtos/tasks.o
                0x0000000008000b6c                vTaskSwitchContext
 .text.sv_call_handler
                0x0000000008000bcc        0x4 rtos/opencm3.o
                0x0000000008000bcc                sv_call_handler
 .text.pend_sv_handler
                0x0000000008000bd0        0x4 rtos/opencm3.o
                0x0000000008000bd0                pend_sv_handler
 .text.sys_tick_handler
                0x0000000008000bd4        0x4 rtos/opencm3.o
                0x0000000008000bd4                sys_tick_handler
 .text.HAL_I2C_Master_Transmit_DMA
                0x0000000008000bd8      0x100 ../../Drivers/STM32F1xx_HAL_Driver/Src/stm32f1xx_hal_i2c.o
                0x0000000008000bd8                HAL_I2C_Master_Transmit_DMA
 .text.HAL_I2C_MasterRxCpltCallback
                0x0000000008000cd8        0x2 ../../Drivers/STM32F1xx_HAL_Driver/Src/stm32f1xx_hal_i2c.o
                0x0000000008000cd8                HAL_I2C_MasterRxCpltCallback
 .text.HAL_I2C_MemRxCpltCallback
                0x0000000008000cda        0x2 ../../Drivers/STM32F1xx_HAL_Driver/Src/stm32f1xx_hal_i2c.o
                0x0000000008000cda                HAL_I2C_MemRxCpltCallback
 .text.HAL_I2C_ErrorCallback
                0x0000000008000cdc        0x2 ../../Drivers/STM32F1xx_HAL_Driver/Src/stm32f1xx_hal_i2c.o
                0x0000000008000cdc                HAL_I2C_ErrorCallback
 .text.I2C_DMAError
                0x0000000008000cde       0x2a ../../Drivers/STM32F1xx_HAL_Driver/Src/stm32f1xx_hal_i2c.o
 .text.I2C_DMAXferCplt
                0x0000000008000d08       0x80 ../../Drivers/STM32F1xx_HAL_Driver/Src/stm32f1xx_hal_i2c.o
 .text.HAL_I2C_GetState
                0x0000000008000d88        0x6 ../../Drivers/STM32F1xx_HAL_Driver/Src/stm32f1xx_hal_i2c.o
                0x0000000008000d88                HAL_I2C_GetState
 .text.HAL_DMA_Start_IT
                0x0000000008000d8e       0x7a ../../Drivers/STM32F1xx_HAL_Driver/Src/stm32f1xx_hal_dma.o
                0x0000000008000d8e                HAL_DMA_Start_IT
 .text.exti_reset_request
                0x0000000008000e08        0xc /usr/local/src/stm32hal_rtos/libopencm3/lib/libopencm3_stm32f1.a(exti_common_all.o)
                0x0000000008000e08                exti_reset_request
 .text.gpio_set_mode
                0x0000000008000e14       0x62 /usr/local/src/stm32hal_rtos/libopencm3/lib/libopencm3_stm32f1.a(gpio.o)
                0x0000000008000e14                gpio_set_mode
 .text.gpio_toggle
                0x0000000008000e76       0x12 /usr/local/src/stm32hal_rtos/libopencm3/lib/libopencm3_stm32f1.a(gpio_common_all.o)
                0x0000000008000e76                gpio_toggle
 .text.rcc_osc_on.part.1
                0x0000000008000e88       0x10 /usr/local/src/stm32hal_rtos/libopencm3/lib/libopencm3_stm32f1.a(rcc.o)
 .text.rcc_is_osc_ready
                0x0000000008000e98       0x5c /usr/local/src/stm32hal_rtos/libopencm3/lib/libopencm3_stm32f1.a(rcc.o)
                0x0000000008000e98                rcc_is_osc_ready
 .text.rcc_wait_for_osc_ready
                0x0000000008000ef4       0x10 /usr/local/src/stm32hal_rtos/libopencm3/lib/libopencm3_stm32f1.a(rcc.o)
                0x0000000008000ef4                rcc_wait_for_osc_ready
 .text.rcc_osc_on
                0x0000000008000f04       0x54 /usr/local/src/stm32hal_rtos/libopencm3/lib/libopencm3_stm32f1.a(rcc.o)
                0x0000000008000f04                rcc_osc_on
 .text.rcc_set_sysclk_source
                0x0000000008000f58       0x14 /usr/local/src/stm32hal_rtos/libopencm3/lib/libopencm3_stm32f1.a(rcc.o)
                0x0000000008000f58                rcc_set_sysclk_source
 .text.rcc_set_pll_multiplication_factor
                0x0000000008000f6c       0x14 /usr/local/src/stm32hal_rtos/libopencm3/lib/libopencm3_stm32f1.a(rcc.o)
                0x0000000008000f6c                rcc_set_pll_multiplication_factor
 .text.rcc_set_pll_source
                0x0000000008000f80       0x14 /usr/local/src/stm32hal_rtos/libopencm3/lib/libopencm3_stm32f1.a(rcc.o)
                0x0000000008000f80                rcc_set_pll_source
 .text.rcc_set_pllxtpre
                0x0000000008000f94       0x14 /usr/local/src/stm32hal_rtos/libopencm3/lib/libopencm3_stm32f1.a(rcc.o)
                0x0000000008000f94                rcc_set_pllxtpre
 .text.rcc_set_adcpre
                0x0000000008000fa8       0x14 /usr/local/src/stm32hal_rtos/libopencm3/lib/libopencm3_stm32f1.a(rcc.o)
                0x0000000008000fa8                rcc_set_adcpre
 .text.rcc_set_ppre2
                0x0000000008000fbc       0x14 /usr/local/src/stm32hal_rtos/libopencm3/lib/libopencm3_stm32f1.a(rcc.o)
                0x0000000008000fbc                rcc_set_ppre2
 .text.rcc_set_ppre1
                0x0000000008000fd0       0x14 /usr/local/src/stm32hal_rtos/libopencm3/lib/libopencm3_stm32f1.a(rcc.o)
                0x0000000008000fd0                rcc_set_ppre1
 .text.rcc_set_hpre
                0x0000000008000fe4       0x14 /usr/local/src/stm32hal_rtos/libopencm3/lib/libopencm3_stm32f1.a(rcc.o)
                0x0000000008000fe4                rcc_set_hpre
 .text.rcc_clock_setup_in_hse_8mhz_out_72mhz
                0x0000000008000ff8       0x8c /usr/local/src/stm32hal_rtos/libopencm3/lib/libopencm3_stm32f1.a(rcc.o)
                0x0000000008000ff8                rcc_clock_setup_in_hse_8mhz_out_72mhz
 .text.rcc_periph_clock_enable
                0x0000000008001084       0x1a /usr/local/src/stm32hal_rtos/libopencm3/lib/libopencm3_stm32f1.a(rcc_common_all.o)
                0x0000000008001084                rcc_periph_clock_enable
 .text.blocking_handler
                0x000000000800109e        0x2 /usr/local/src/stm32hal_rtos/libopencm3/lib/libopencm3_stm32f1.a(vector.o)
                0x000000000800109e                usart3_isr
                0x000000000800109e                rtc_isr
                0x000000000800109e                tim7_isr
                0x000000000800109e                adc1_2_isr
                0x000000000800109e                tim1_trg_com_isr
                0x000000000800109e                usb_hp_can_tx_isr
                0x000000000800109e                tim6_isr
                0x000000000800109e                usb_wakeup_isr
                0x000000000800109e                blocking_handler
                0x000000000800109e                tim5_isr
                0x000000000800109e                otg_fs_isr
                0x000000000800109e                spi1_isr
                0x000000000800109e                exti2_isr
                0x000000000800109e                dma1_channel6_isr
                0x000000000800109e                can_rx1_isr
                0x000000000800109e                dma1_channel5_isr
                0x000000000800109e                dma2_channel5_isr
                0x000000000800109e                usart1_isr
                0x000000000800109e                usage_fault_handler
                0x000000000800109e                tim8_trg_com_isr
                0x000000000800109e                can2_rx0_isr
                0x000000000800109e                tim1_brk_isr
                0x000000000800109e                can2_rx1_isr
                0x000000000800109e                tim1_cc_isr
                0x000000000800109e                sdio_isr
                0x000000000800109e                eth_isr
                0x000000000800109e                dma1_channel4_isr
                0x000000000800109e                tim8_brk_isr
                0x000000000800109e                dma2_channel4_5_isr
                0x000000000800109e                pvd_isr
                0x000000000800109e                rcc_isr
                0x000000000800109e                flash_isr
                0x000000000800109e                uart4_isr
                0x000000000800109e                rtc_alarm_isr
                0x000000000800109e                hard_fault_handler
                0x000000000800109e                exti1_isr
                0x000000000800109e                i2c1_ev_isr
                0x000000000800109e                dma2_channel1_isr
                0x000000000800109e                spi2_isr
                0x000000000800109e                tim8_up_isr
                0x000000000800109e                dma2_channel2_isr
                0x000000000800109e                exti3_isr
                0x000000000800109e                adc3_isr
                0x000000000800109e                tim3_isr
                0x000000000800109e                usart2_isr
                0x000000000800109e                usb_lp_can_rx0_isr
                0x000000000800109e                i2c2_er_isr
                0x000000000800109e                i2c2_ev_isr
                0x000000000800109e                uart5_isr
                0x000000000800109e                fsmc_isr
                0x000000000800109e                dma1_channel1_isr
                0x000000000800109e                exti4_isr
                0x000000000800109e                mem_manage_handler
                0x000000000800109e                can2_tx_isr
                0x000000000800109e                exti9_5_isr
                0x000000000800109e                dma2_channel3_isr
                0x000000000800109e                dma1_channel7_isr
                0x000000000800109e                tim1_up_isr
                0x000000000800109e                can2_sce_isr
                0x000000000800109e                tim4_isr
                0x000000000800109e                dma1_channel2_isr
                0x000000000800109e                i2c1_er_isr
                0x000000000800109e                can_sce_isr
                0x000000000800109e                tim8_cc_isr
                0x000000000800109e                tamper_isr
                0x000000000800109e                eth_wkup_isr
                0x000000000800109e                bus_fault_handler
                0x000000000800109e                wwdg_isr
                0x000000000800109e                dma1_channel3_isr
                0x000000000800109e                spi3_isr
                0x000000000800109e                tim2_isr
                0x000000000800109e                exti0_isr
 .text.null_handler
                0x00000000080010a0        0x2 /usr/local/src/stm32hal_rtos/libopencm3/lib/libopencm3_stm32f1.a(vector.o)
                0x00000000080010a0                null_handler
                0x00000000080010a0                debug_monitor_handler
                0x00000000080010a0                nmi_handler
 *fill*         0x00000000080010a2        0x2 
 .text.reset_handler
                0x00000000080010a4       0x94 /usr/local/src/stm32hal_rtos/libopencm3/lib/libopencm3_stm32f1.a(vector.o)
                0x00000000080010a4                reset_handler
 .text.flash_set_ws
                0x0000000008001138       0x14 /usr/local/src/stm32hal_rtos/libopencm3/lib/libopencm3_stm32f1.a(flash_common_all.o)
                0x0000000008001138                flash_set_ws
                0x000000000800114c                . = ALIGN (0x4)
 *(.rodata*)
 .rodata.main.str1.1
                0x000000000800114c        0x4 main.o
 .rodata.task1.str1.1
                0x0000000008001150        0x7 main.o
 .rodata.vTaskStartScheduler.str1.1
                0x0000000008001157        0x5 rtos/tasks.o
                0x000000000800115c                . = ALIGN (0x4)

.glue_7         0x000000000800115c        0x0
 .glue_7        0x000000000800115c        0x0 linker stubs

.glue_7t        0x000000000800115c        0x0
 .glue_7t       0x000000000800115c        0x0 linker stubs

.vfp11_veneer   0x000000000800115c        0x0
 .vfp11_veneer  0x000000000800115c        0x0 linker stubs

.v4_bx          0x000000000800115c        0x0
 .v4_bx         0x000000000800115c        0x0 linker stubs

.iplt           0x000000000800115c        0x0
 .iplt          0x000000000800115c        0x0 main.o

.rel.dyn        0x000000000800115c        0x0
 .rel.iplt      0x000000000800115c        0x0 main.o

.preinit_array  0x000000000800115c        0x0
                0x000000000800115c                . = ALIGN (0x4)
                0x000000000800115c                __preinit_array_start = .
 *(.preinit_array)
                0x000000000800115c                __preinit_array_end = .

.init_array     0x000000000800115c        0x0
                0x000000000800115c                . = ALIGN (0x4)
                0x000000000800115c                __init_array_start = .
 *(SORT(.init_array.*))
 *(.init_array)
                0x000000000800115c                __init_array_end = .

.fini_array     0x000000000800115c        0x0
                0x000000000800115c                . = ALIGN (0x4)
                0x000000000800115c                __fini_array_start = .
 *(.fini_array)
 *(SORT(.fini_array.*))
                0x000000000800115c                __fini_array_end = .

.ARM.extab
 *(.ARM.extab*)

.ARM.exidx      0x000000000800115c        0x0
                0x000000000800115c                __exidx_start = .
 *(.ARM.exidx*)
                0x000000000800115c                __exidx_end = .
                0x000000000800115c                . = ALIGN (0x4)
                0x000000000800115c                _etext = .

.data           0x0000000020000000       0x10 load address 0x000000000800115c
                0x0000000020000000                _data = .
 *(.data*)
 .data.uxCriticalNesting
                0x0000000020000000        0x4 rtos/port.o
 .data.rcc_ahb_frequency
                0x0000000020000004        0x4 /usr/local/src/stm32hal_rtos/libopencm3/lib/libopencm3_stm32f1.a(rcc.o)
                0x0000000020000004                rcc_ahb_frequency
 .data.rcc_apb1_frequency
                0x0000000020000008        0x4 /usr/local/src/stm32hal_rtos/libopencm3/lib/libopencm3_stm32f1.a(rcc.o)
                0x0000000020000008                rcc_apb1_frequency
 .data.rcc_apb2_frequency
                0x000000002000000c        0x4 /usr/local/src/stm32hal_rtos/libopencm3/lib/libopencm3_stm32f1.a(rcc.o)
                0x000000002000000c                rcc_apb2_frequency
                0x0000000020000010                . = ALIGN (0x4)
                0x0000000020000010                _edata = .
                0x000000000800115c                _data_loadaddr = LOADADDR (.data)

.igot.plt       0x0000000020000010        0x0 load address 0x000000000800116c
 .igot.plt      0x0000000020000010        0x0 main.o

.bss            0x0000000020000010     0x4538 load address 0x000000000800116c
 *(.bss*)
 .bss.SystemCoreClock
                0x0000000020000010        0x4 main.o
                0x0000000020000010                SystemCoreClock
 .bss.isr_count
                0x0000000020000014        0x4 main.o
 .bss.readf     0x0000000020000018        0x1 main.o
 .bss.lcdCommandBuffer
                0x0000000020000019        0x6 lcd_hd44780_i2c.o
                0x0000000020000019                lcdCommandBuffer
 *fill*         0x000000002000001f        0x1 
 .bss.lcdParams
                0x0000000020000020        0xc lcd_hd44780_i2c.o
 .bss.pxEnd     0x000000002000002c        0x4 rtos/heap_4.o
 .bss.ucHeap    0x0000000020000030     0x4400 rtos/heap_4.o
 .bss.xBlockAllocatedBit
                0x0000000020004430        0x4 rtos/heap_4.o
 .bss.xFreeBytesRemaining
                0x0000000020004434        0x4 rtos/heap_4.o
 .bss.xMinimumEverFreeBytesRemaining
                0x0000000020004438        0x4 rtos/heap_4.o
 .bss.xStart    0x000000002000443c        0x8 rtos/heap_4.o
 .bss.pxCurrentTCB
                0x0000000020004444        0x4 rtos/tasks.o
                0x0000000020004444                pxCurrentTCB
 .bss.pxDelayedTaskList
                0x0000000020004448        0x4 rtos/tasks.o
 .bss.pxOverflowDelayedTaskList
                0x000000002000444c        0x4 rtos/tasks.o
 .bss.pxReadyTasksLists
                0x0000000020004450       0x64 rtos/tasks.o
 .bss.uxCurrentNumberOfTasks
                0x00000000200044b4        0x4 rtos/tasks.o
 .bss.uxDeletedTasksWaitingCleanUp
                0x00000000200044b8        0x4 rtos/tasks.o
 .bss.uxPendedTicks
                0x00000000200044bc        0x4 rtos/tasks.o
 .bss.uxSchedulerSuspended
                0x00000000200044c0        0x4 rtos/tasks.o
 .bss.uxTaskNumber
                0x00000000200044c4        0x4 rtos/tasks.o
 .bss.uxTopReadyPriority
                0x00000000200044c8        0x4 rtos/tasks.o
 .bss.xDelayedTaskList1
                0x00000000200044cc       0x14 rtos/tasks.o
 .bss.xDelayedTaskList2
                0x00000000200044e0       0x14 rtos/tasks.o
 .bss.xIdleTaskHandle
                0x00000000200044f4        0x4 rtos/tasks.o
 .bss.xNextTaskUnblockTime
                0x00000000200044f8        0x4 rtos/tasks.o
 .bss.xNumOfOverflows
                0x00000000200044fc        0x4 rtos/tasks.o
 .bss.xPendingReadyList
                0x0000000020004500       0x14 rtos/tasks.o
 .bss.xSchedulerRunning
                0x0000000020004514        0x4 rtos/tasks.o
 .bss.xSuspendedTaskList
                0x0000000020004518       0x14 rtos/tasks.o
 .bss.xTasksWaitingTermination
                0x000000002000452c       0x14 rtos/tasks.o
 .bss.xTickCount
                0x0000000020004540        0x4 rtos/tasks.o
 .bss.xYieldPending
                0x0000000020004544        0x4 rtos/tasks.o
 *(COMMON)
                0x0000000020004548                . = ALIGN (0x4)
                0x0000000020004548                _ebss = .

/DISCARD/
 *(.eh_frame)
                0x0000000020004548                . = ALIGN (0x4)
                0x0000000020004548                end = .
                0x0000000020005000                PROVIDE (_stack, (ORIGIN (ram) + LENGTH (ram)))
OUTPUT(main.elf elf32-littlearm)

.debug_info     0x0000000000000000     0xcba7
 .debug_info    0x0000000000000000      0xd66 main.o
 .debug_info    0x0000000000000d66     0x1415 lcd_hd44780_i2c.o
 .debug_info    0x000000000000217b      0xbc5 rtos/heap_4.o
 .debug_info    0x0000000000002d40      0xa9d rtos/list.o
 .debug_info    0x00000000000037dd      0x302 rtos/port.o
 .debug_info    0x0000000000003adf     0x2626 rtos/tasks.o
 .debug_info    0x0000000000006105      0x132 rtos/opencm3.o
 .debug_info    0x0000000000006237     0x3897 ../../Drivers/STM32F1xx_HAL_Driver/Src/stm32f1xx_hal_i2c.o
 .debug_info    0x0000000000009ace      0xff4 ../../Drivers/STM32F1xx_HAL_Driver/Src/stm32f1xx_hal_dma.o
 .debug_info    0x000000000000aac2      0x204 /usr/local/src/stm32hal_rtos/libopencm3/lib/libopencm3_stm32f1.a(exti_common_all.o)
 .debug_info    0x000000000000acc6      0x1dd /usr/local/src/stm32hal_rtos/libopencm3/lib/libopencm3_stm32f1.a(gpio.o)
 .debug_info    0x000000000000aea3      0x22c /usr/local/src/stm32hal_rtos/libopencm3/lib/libopencm3_stm32f1.a(gpio_common_all.o)
 .debug_info    0x000000000000b0cf     0x114b /usr/local/src/stm32hal_rtos/libopencm3/lib/libopencm3_stm32f1.a(rcc.o)
 .debug_info    0x000000000000c21a      0x5f2 /usr/local/src/stm32hal_rtos/libopencm3/lib/libopencm3_stm32f1.a(rcc_common_all.o)
 .debug_info    0x000000000000c80c      0x2af /usr/local/src/stm32hal_rtos/libopencm3/lib/libopencm3_stm32f1.a(vector.o)
 .debug_info    0x000000000000cabb       0xec /usr/local/src/stm32hal_rtos/libopencm3/lib/libopencm3_stm32f1.a(flash_common_all.o)

.debug_abbrev   0x0000000000000000     0x1fd6
 .debug_abbrev  0x0000000000000000      0x280 main.o
 .debug_abbrev  0x0000000000000280      0x2f4 lcd_hd44780_i2c.o
 .debug_abbrev  0x0000000000000574      0x2fa rtos/heap_4.o
 .debug_abbrev  0x000000000000086e      0x1ff rtos/list.o
 .debug_abbrev  0x0000000000000a6d      0x1d4 rtos/port.o
 .debug_abbrev  0x0000000000000c41      0x460 rtos/tasks.o
 .debug_abbrev  0x00000000000010a1       0x81 rtos/opencm3.o
 .debug_abbrev  0x0000000000001122      0x3f0 ../../Drivers/STM32F1xx_HAL_Driver/Src/stm32f1xx_hal_i2c.o
 .debug_abbrev  0x0000000000001512      0x2cd ../../Drivers/STM32F1xx_HAL_Driver/Src/stm32f1xx_hal_dma.o
 .debug_abbrev  0x00000000000017df       0xe5 /usr/local/src/stm32hal_rtos/libopencm3/lib/libopencm3_stm32f1.a(exti_common_all.o)
 .debug_abbrev  0x00000000000018c4       0xb7 /usr/local/src/stm32hal_rtos/libopencm3/lib/libopencm3_stm32f1.a(gpio.o)
 .debug_abbrev  0x000000000000197b       0xf4 /usr/local/src/stm32hal_rtos/libopencm3/lib/libopencm3_stm32f1.a(gpio_common_all.o)
 .debug_abbrev  0x0000000000001a6f      0x27f /usr/local/src/stm32hal_rtos/libopencm3/lib/libopencm3_stm32f1.a(rcc.o)
 .debug_abbrev  0x0000000000001cee      0x137 /usr/local/src/stm32hal_rtos/libopencm3/lib/libopencm3_stm32f1.a(rcc_common_all.o)
 .debug_abbrev  0x0000000000001e25      0x127 /usr/local/src/stm32hal_rtos/libopencm3/lib/libopencm3_stm32f1.a(vector.o)
 .debug_abbrev  0x0000000000001f4c       0x8a /usr/local/src/stm32hal_rtos/libopencm3/lib/libopencm3_stm32f1.a(flash_common_all.o)

.debug_loc      0x0000000000000000     0x5840
 .debug_loc     0x0000000000000000       0x21 main.o
 .debug_loc     0x0000000000000021      0x355 lcd_hd44780_i2c.o
 .debug_loc     0x0000000000000376      0x34c rtos/heap_4.o
 .debug_loc     0x00000000000006c2       0x94 rtos/list.o
 .debug_loc     0x0000000000000756       0xa8 rtos/port.o
 .debug_loc     0x00000000000007fe     0x1415 rtos/tasks.o
 .debug_loc     0x0000000000001c13     0x2c11 ../../Drivers/STM32F1xx_HAL_Driver/Src/stm32f1xx_hal_i2c.o
 .debug_loc     0x0000000000004824      0x5d1 ../../Drivers/STM32F1xx_HAL_Driver/Src/stm32f1xx_hal_dma.o
 .debug_loc     0x0000000000004df5      0x191 /usr/local/src/stm32hal_rtos/libopencm3/lib/libopencm3_stm32f1.a(exti_common_all.o)
 .debug_loc     0x0000000000004f86      0x172 /usr/local/src/stm32hal_rtos/libopencm3/lib/libopencm3_stm32f1.a(gpio.o)
 .debug_loc     0x00000000000050f8       0x97 /usr/local/src/stm32hal_rtos/libopencm3/lib/libopencm3_stm32f1.a(gpio_common_all.o)
 .debug_loc     0x000000000000518f      0x480 /usr/local/src/stm32hal_rtos/libopencm3/lib/libopencm3_stm32f1.a(rcc.o)
 .debug_loc     0x000000000000560f      0x108 /usr/local/src/stm32hal_rtos/libopencm3/lib/libopencm3_stm32f1.a(rcc_common_all.o)
 .debug_loc     0x0000000000005717       0xea /usr/local/src/stm32hal_rtos/libopencm3/lib/libopencm3_stm32f1.a(vector.o)
 .debug_loc     0x0000000000005801       0x3f /usr/local/src/stm32hal_rtos/libopencm3/lib/libopencm3_stm32f1.a(flash_common_all.o)

.debug_aranges  0x0000000000000000      0x810
 .debug_aranges
                0x0000000000000000       0x30 main.o
 .debug_aranges
                0x0000000000000030       0x58 lcd_hd44780_i2c.o
 .debug_aranges
                0x0000000000000088       0x48 rtos/heap_4.o
 .debug_aranges
                0x00000000000000d0       0x40 rtos/list.o
 .debug_aranges
                0x0000000000000110       0x70 rtos/port.o
 .debug_aranges
                0x0000000000000180      0x160 rtos/tasks.o
 .debug_aranges
                0x00000000000002e0       0x30 rtos/opencm3.o
 .debug_aranges
                0x0000000000000310      0x190 ../../Drivers/STM32F1xx_HAL_Driver/Src/stm32f1xx_hal_i2c.o
 .debug_aranges
                0x00000000000004a0       0x78 ../../Drivers/STM32F1xx_HAL_Driver/Src/stm32f1xx_hal_dma.o
 .debug_aranges
                0x0000000000000518       0x48 /usr/local/src/stm32hal_rtos/libopencm3/lib/libopencm3_stm32f1.a(exti_common_all.o)
 .debug_aranges
                0x0000000000000560       0x38 /usr/local/src/stm32hal_rtos/libopencm3/lib/libopencm3_stm32f1.a(gpio.o)
 .debug_aranges
                0x0000000000000598       0x50 /usr/local/src/stm32hal_rtos/libopencm3/lib/libopencm3_stm32f1.a(gpio_common_all.o)
 .debug_aranges
                0x00000000000005e8      0x158 /usr/local/src/stm32hal_rtos/libopencm3/lib/libopencm3_stm32f1.a(rcc.o)
 .debug_aranges
                0x0000000000000740       0x68 /usr/local/src/stm32hal_rtos/libopencm3/lib/libopencm3_stm32f1.a(rcc_common_all.o)
 .debug_aranges
                0x00000000000007a8       0x30 /usr/local/src/stm32hal_rtos/libopencm3/lib/libopencm3_stm32f1.a(vector.o)
 .debug_aranges
                0x00000000000007d8       0x38 /usr/local/src/stm32hal_rtos/libopencm3/lib/libopencm3_stm32f1.a(flash_common_all.o)

.debug_ranges   0x0000000000000000      0xc00
 .debug_ranges  0x0000000000000000       0x20 main.o
 .debug_ranges  0x0000000000000020       0x88 lcd_hd44780_i2c.o
 .debug_ranges  0x00000000000000a8       0x38 rtos/heap_4.o
 .debug_ranges  0x00000000000000e0       0x30 rtos/list.o
 .debug_ranges  0x0000000000000110       0x60 rtos/port.o
 .debug_ranges  0x0000000000000170      0x290 rtos/tasks.o
 .debug_ranges  0x0000000000000400       0x20 rtos/opencm3.o
 .debug_ranges  0x0000000000000420      0x438 ../../Drivers/STM32F1xx_HAL_Driver/Src/stm32f1xx_hal_i2c.o
 .debug_ranges  0x0000000000000858       0xa8 ../../Drivers/STM32F1xx_HAL_Driver/Src/stm32f1xx_hal_dma.o
 .debug_ranges  0x0000000000000900       0x50 /usr/local/src/stm32hal_rtos/libopencm3/lib/libopencm3_stm32f1.a(exti_common_all.o)
 .debug_ranges  0x0000000000000950       0x28 /usr/local/src/stm32hal_rtos/libopencm3/lib/libopencm3_stm32f1.a(gpio.o)
 .debug_ranges  0x0000000000000978       0x40 /usr/local/src/stm32hal_rtos/libopencm3/lib/libopencm3_stm32f1.a(gpio_common_all.o)
 .debug_ranges  0x00000000000009b8      0x1a8 /usr/local/src/stm32hal_rtos/libopencm3/lib/libopencm3_stm32f1.a(rcc.o)
 .debug_ranges  0x0000000000000b60       0x58 /usr/local/src/stm32hal_rtos/libopencm3/lib/libopencm3_stm32f1.a(rcc_common_all.o)
 .debug_ranges  0x0000000000000bb8       0x20 /usr/local/src/stm32hal_rtos/libopencm3/lib/libopencm3_stm32f1.a(vector.o)
 .debug_ranges  0x0000000000000bd8       0x28 /usr/local/src/stm32hal_rtos/libopencm3/lib/libopencm3_stm32f1.a(flash_common_all.o)

.debug_line     0x0000000000000000     0x4b16
 .debug_line    0x0000000000000000      0x2e7 main.o
 .debug_line    0x00000000000002e7      0x38f lcd_hd44780_i2c.o
 .debug_line    0x0000000000000676      0x1e1 rtos/heap_4.o
 .debug_line    0x0000000000000857      0x176 rtos/list.o
 .debug_line    0x00000000000009cd      0x1a0 rtos/port.o
 .debug_line    0x0000000000000b6d      0x874 rtos/tasks.o
 .debug_line    0x00000000000013e1      0x101 rtos/opencm3.o
 .debug_line    0x00000000000014e2     0x1a0a ../../Drivers/STM32F1xx_HAL_Driver/Src/stm32f1xx_hal_i2c.o
 .debug_line    0x0000000000002eec      0x61c ../../Drivers/STM32F1xx_HAL_Driver/Src/stm32f1xx_hal_dma.o
 .debug_line    0x0000000000003508      0x2f2 /usr/local/src/stm32hal_rtos/libopencm3/lib/libopencm3_stm32f1.a(exti_common_all.o)
 .debug_line    0x00000000000037fa      0x25f /usr/local/src/stm32hal_rtos/libopencm3/lib/libopencm3_stm32f1.a(gpio.o)
 .debug_line    0x0000000000003a59      0x295 /usr/local/src/stm32hal_rtos/libopencm3/lib/libopencm3_stm32f1.a(gpio_common_all.o)
 .debug_line    0x0000000000003cee      0x634 /usr/local/src/stm32hal_rtos/libopencm3/lib/libopencm3_stm32f1.a(rcc.o)
 .debug_line    0x0000000000004322      0x2c0 /usr/local/src/stm32hal_rtos/libopencm3/lib/libopencm3_stm32f1.a(rcc_common_all.o)
 .debug_line    0x00000000000045e2      0x2ad /usr/local/src/stm32hal_rtos/libopencm3/lib/libopencm3_stm32f1.a(vector.o)
 .debug_line    0x000000000000488f      0x287 /usr/local/src/stm32hal_rtos/libopencm3/lib/libopencm3_stm32f1.a(flash_common_all.o)

.debug_str      0x0000000000000000    0x10071
 .debug_str     0x0000000000000000      0x825 main.o
                                        0x903 (size before relaxing)
 .debug_str     0x0000000000000825      0x68d lcd_hd44780_i2c.o
                                        0xc9c (size before relaxing)
 .debug_str     0x0000000000000eb2      0x1f2 rtos/heap_4.o
                                        0x729 (size before relaxing)
 .debug_str     0x00000000000010a4      0x12a rtos/list.o
                                        0x684 (size before relaxing)
 .debug_str     0x00000000000011ce      0x183 rtos/port.o
                                        0x309 (size before relaxing)
 .debug_str     0x0000000000001351      0x987 rtos/tasks.o
                                       0x1188 (size before relaxing)
 .debug_str     0x0000000000001cd8       0x40 rtos/opencm3.o
                                        0x213 (size before relaxing)
 .debug_str     0x0000000000001d18      0x837 ../../Drivers/STM32F1xx_HAL_Driver/Src/stm32f1xx_hal_i2c.o
                                       0x12b6 (size before relaxing)
 .debug_str     0x000000000000254f      0x220 ../../Drivers/STM32F1xx_HAL_Driver/Src/stm32f1xx_hal_dma.o
                                        0xa17 (size before relaxing)
 .debug_str     0x000000000000276f     0x7f24 /usr/local/src/stm32hal_rtos/libopencm3/lib/libopencm3_stm32f1.a(exti_common_all.o)
                                       0x80bd (size before relaxing)
 .debug_str     0x000000000000a693       0x70 /usr/local/src/stm32hal_rtos/libopencm3/lib/libopencm3_stm32f1.a(gpio.o)
                                       0x7c94 (size before relaxing)
 .debug_str     0x000000000000a703       0x74 /usr/local/src/stm32hal_rtos/libopencm3/lib/libopencm3_stm32f1.a(gpio_common_all.o)
                                       0x7c88 (size before relaxing)
 .debug_str     0x000000000000a777     0x30b6 /usr/local/src/stm32hal_rtos/libopencm3/lib/libopencm3_stm32f1.a(rcc.o)
                                       0x7587 (size before relaxing)
 .debug_str     0x000000000000d82d      0x35b /usr/local/src/stm32hal_rtos/libopencm3/lib/libopencm3_stm32f1.a(rcc_common_all.o)
                                       0x6e9d (size before relaxing)
 .debug_str     0x000000000000db88     0x2485 /usr/local/src/stm32hal_rtos/libopencm3/lib/libopencm3_stm32f1.a(vector.o)
                                       0x5d66 (size before relaxing)
 .debug_str     0x000000000001000d       0x64 /usr/local/src/stm32hal_rtos/libopencm3/lib/libopencm3_stm32f1.a(flash_common_all.o)
                                       0x4c60 (size before relaxing)

.comment        0x0000000000000000       0x31
 .comment       0x0000000000000000       0x31 main.o
                                         0x32 (size before relaxing)
 .comment       0x0000000000000031       0x32 lcd_hd44780_i2c.o
 .comment       0x0000000000000031       0x32 rtos/heap_4.o
 .comment       0x0000000000000031       0x32 rtos/list.o
 .comment       0x0000000000000031       0x32 rtos/port.o
 .comment       0x0000000000000031       0x32 rtos/tasks.o
 .comment       0x0000000000000031       0x32 rtos/opencm3.o
 .comment       0x0000000000000031       0x32 ../../Drivers/STM32F1xx_HAL_Driver/Src/stm32f1xx_hal_i2c.o
 .comment       0x0000000000000031       0x32 ../../Drivers/STM32F1xx_HAL_Driver/Src/stm32f1xx_hal_dma.o
 .comment       0x0000000000000031       0x32 /usr/local/src/stm32hal_rtos/libopencm3/lib/libopencm3_stm32f1.a(exti_common_all.o)
 .comment       0x0000000000000031       0x32 /usr/local/src/stm32hal_rtos/libopencm3/lib/libopencm3_stm32f1.a(gpio.o)
 .comment       0x0000000000000031       0x32 /usr/local/src/stm32hal_rtos/libopencm3/lib/libopencm3_stm32f1.a(gpio_common_all.o)
 .comment       0x0000000000000031       0x32 /usr/local/src/stm32hal_rtos/libopencm3/lib/libopencm3_stm32f1.a(rcc.o)
 .comment       0x0000000000000031       0x32 /usr/local/src/stm32hal_rtos/libopencm3/lib/libopencm3_stm32f1.a(rcc_common_all.o)
 .comment       0x0000000000000031       0x32 /usr/local/src/stm32hal_rtos/libopencm3/lib/libopencm3_stm32f1.a(vector.o)
 .comment       0x0000000000000031       0x32 /usr/local/src/stm32hal_rtos/libopencm3/lib/libopencm3_stm32f1.a(flash_common_all.o)

.ARM.attributes
                0x0000000000000000       0x31
 .ARM.attributes
                0x0000000000000000       0x33 main.o
 .ARM.attributes
                0x0000000000000033       0x33 lcd_hd44780_i2c.o
 .ARM.attributes
                0x0000000000000066       0x33 rtos/heap_4.o
 .ARM.attributes
                0x0000000000000099       0x33 rtos/list.o
 .ARM.attributes
                0x00000000000000cc       0x33 rtos/port.o
 .ARM.attributes
                0x00000000000000ff       0x33 rtos/tasks.o
 .ARM.attributes
                0x0000000000000132       0x33 rtos/opencm3.o
 .ARM.attributes
                0x0000000000000165       0x33 ../../Drivers/STM32F1xx_HAL_Driver/Src/stm32f1xx_hal_i2c.o
 .ARM.attributes
                0x0000000000000198       0x33 ../../Drivers/STM32F1xx_HAL_Driver/Src/stm32f1xx_hal_dma.o
 .ARM.attributes
                0x00000000000001cb       0x33 /usr/local/src/stm32hal_rtos/libopencm3/lib/libopencm3_stm32f1.a(exti_common_all.o)
 .ARM.attributes
                0x00000000000001fe       0x33 /usr/local/src/stm32hal_rtos/libopencm3/lib/libopencm3_stm32f1.a(gpio.o)
 .ARM.attributes
                0x0000000000000231       0x33 /usr/local/src/stm32hal_rtos/libopencm3/lib/libopencm3_stm32f1.a(gpio_common_all.o)
 .ARM.attributes
                0x0000000000000264       0x33 /usr/local/src/stm32hal_rtos/libopencm3/lib/libopencm3_stm32f1.a(rcc.o)
 .ARM.attributes
                0x0000000000000297       0x33 /usr/local/src/stm32hal_rtos/libopencm3/lib/libopencm3_stm32f1.a(rcc_common_all.o)
 .ARM.attributes
                0x00000000000002ca       0x33 /usr/local/src/stm32hal_rtos/libopencm3/lib/libopencm3_stm32f1.a(vector.o)
 .ARM.attributes
                0x00000000000002fd       0x33 /usr/local/src/stm32hal_rtos/libopencm3/lib/libopencm3_stm32f1.a(flash_common_all.o)

.debug_frame    0x0000000000000000     0x1560
 .debug_frame   0x0000000000000000       0x58 main.o
 .debug_frame   0x0000000000000058       0xf0 lcd_hd44780_i2c.o
 .debug_frame   0x0000000000000148       0x98 rtos/heap_4.o
 .debug_frame   0x00000000000001e0       0x6c rtos/list.o
 .debug_frame   0x000000000000024c       0xd0 rtos/port.o
 .debug_frame   0x000000000000031c      0x484 rtos/tasks.o
 .debug_frame   0x00000000000007a0       0x40 rtos/opencm3.o
 .debug_frame   0x00000000000007e0      0x684 ../../Drivers/STM32F1xx_HAL_Driver/Src/stm32f1xx_hal_i2c.o
 .debug_frame   0x0000000000000e64      0x144 ../../Drivers/STM32F1xx_HAL_Driver/Src/stm32f1xx_hal_dma.o
 .debug_frame   0x0000000000000fa8       0x88 /usr/local/src/stm32hal_rtos/libopencm3/lib/libopencm3_stm32f1.a(exti_common_all.o)
 .debug_frame   0x0000000000001030       0x64 /usr/local/src/stm32hal_rtos/libopencm3/lib/libopencm3_stm32f1.a(gpio.o)
 .debug_frame   0x0000000000001094       0x80 /usr/local/src/stm32hal_rtos/libopencm3/lib/libopencm3_stm32f1.a(gpio_common_all.o)
 .debug_frame   0x0000000000001114      0x2e0 /usr/local/src/stm32hal_rtos/libopencm3/lib/libopencm3_stm32f1.a(rcc.o)
 .debug_frame   0x00000000000013f4       0xd0 /usr/local/src/stm32hal_rtos/libopencm3/lib/libopencm3_stm32f1.a(rcc_common_all.o)
 .debug_frame   0x00000000000014c4       0x4c /usr/local/src/stm32hal_rtos/libopencm3/lib/libopencm3_stm32f1.a(vector.o)
 .debug_frame   0x0000000000001510       0x50 /usr/local/src/stm32hal_rtos/libopencm3/lib/libopencm3_stm32f1.a(flash_common_all.o)

.stabstr        0x0000000000000000      0x14d
 .stabstr       0x0000000000000000      0x14d /usr/lib/gcc/arm-none-eabi/6.3.1/../../../arm-none-eabi/lib/thumb/v7-m/libnosys.a(close.o)

.debug_macro    0x0000000000000000     0x2c3c
 .debug_macro   0x0000000000000000       0xe4 /usr/local/src/stm32hal_rtos/libopencm3/lib/libopencm3_stm32f1.a(exti_common_all.o)
 .debug_macro   0x00000000000000e4      0x8aa /usr/local/src/stm32hal_rtos/libopencm3/lib/libopencm3_stm32f1.a(exti_common_all.o)
 .debug_macro   0x000000000000098e       0x1c /usr/local/src/stm32hal_rtos/libopencm3/lib/libopencm3_stm32f1.a(exti_common_all.o)
 .debug_macro   0x00000000000009aa       0x22 /usr/local/src/stm32hal_rtos/libopencm3/lib/libopencm3_stm32f1.a(exti_common_all.o)
 .debug_macro   0x00000000000009cc       0x4f /usr/local/src/stm32hal_rtos/libopencm3/lib/libopencm3_stm32f1.a(exti_common_all.o)
 .debug_macro   0x0000000000000a1b       0x44 /usr/local/src/stm32hal_rtos/libopencm3/lib/libopencm3_stm32f1.a(exti_common_all.o)
 .debug_macro   0x0000000000000a5f       0xfd /usr/local/src/stm32hal_rtos/libopencm3/lib/libopencm3_stm32f1.a(exti_common_all.o)
 .debug_macro   0x0000000000000b5c       0x5e /usr/local/src/stm32hal_rtos/libopencm3/lib/libopencm3_stm32f1.a(exti_common_all.o)
 .debug_macro   0x0000000000000bba      0x1df /usr/local/src/stm32hal_rtos/libopencm3/lib/libopencm3_stm32f1.a(exti_common_all.o)
 .debug_macro   0x0000000000000d99       0x22 /usr/local/src/stm32hal_rtos/libopencm3/lib/libopencm3_stm32f1.a(exti_common_all.o)
 .debug_macro   0x0000000000000dbb       0xe8 /usr/local/src/stm32hal_rtos/libopencm3/lib/libopencm3_stm32f1.a(exti_common_all.o)
 .debug_macro   0x0000000000000ea3       0x76 /usr/local/src/stm32hal_rtos/libopencm3/lib/libopencm3_stm32f1.a(exti_common_all.o)
 .debug_macro   0x0000000000000f19      0x1b4 /usr/local/src/stm32hal_rtos/libopencm3/lib/libopencm3_stm32f1.a(exti_common_all.o)
 .debug_macro   0x00000000000010cd       0xee /usr/local/src/stm32hal_rtos/libopencm3/lib/libopencm3_stm32f1.a(exti_common_all.o)
 .debug_macro   0x00000000000011bb       0x28 /usr/local/src/stm32hal_rtos/libopencm3/lib/libopencm3_stm32f1.a(exti_common_all.o)
 .debug_macro   0x00000000000011e3       0x76 /usr/local/src/stm32hal_rtos/libopencm3/lib/libopencm3_stm32f1.a(exti_common_all.o)
 .debug_macro   0x0000000000001259      0xe04 /usr/local/src/stm32hal_rtos/libopencm3/lib/libopencm3_stm32f1.a(exti_common_all.o)
 .debug_macro   0x000000000000205d       0xb8 /usr/local/src/stm32hal_rtos/libopencm3/lib/libopencm3_stm32f1.a(gpio.o)
 .debug_macro   0x0000000000002115       0xb8 /usr/local/src/stm32hal_rtos/libopencm3/lib/libopencm3_stm32f1.a(gpio_common_all.o)
 .debug_macro   0x00000000000021cd       0xe7 /usr/local/src/stm32hal_rtos/libopencm3/lib/libopencm3_stm32f1.a(rcc.o)
 .debug_macro   0x00000000000022b4       0x16 /usr/local/src/stm32hal_rtos/libopencm3/lib/libopencm3_stm32f1.a(rcc.o)
 .debug_macro   0x00000000000022ca       0xee /usr/local/src/stm32hal_rtos/libopencm3/lib/libopencm3_stm32f1.a(rcc.o)
 .debug_macro   0x00000000000023b8       0x82 /usr/local/src/stm32hal_rtos/libopencm3/lib/libopencm3_stm32f1.a(rcc.o)
 .debug_macro   0x000000000000243a       0xce /usr/local/src/stm32hal_rtos/libopencm3/lib/libopencm3_stm32f1.a(rcc_common_all.o)
 .debug_macro   0x0000000000002508       0xcf /usr/local/src/stm32hal_rtos/libopencm3/lib/libopencm3_stm32f1.a(vector.o)
 .debug_macro   0x00000000000025d7      0x395 /usr/local/src/stm32hal_rtos/libopencm3/lib/libopencm3_stm32f1.a(vector.o)
 .debug_macro   0x000000000000296c       0x6e /usr/local/src/stm32hal_rtos/libopencm3/lib/libopencm3_stm32f1.a(vector.o)
 .debug_macro   0x00000000000029da      0x1a2 /usr/local/src/stm32hal_rtos/libopencm3/lib/libopencm3_stm32f1.a(vector.o)
 .debug_macro   0x0000000000002b7c       0xc0 /usr/local/src/stm32hal_rtos/libopencm3/lib/libopencm3_stm32f1.a(flash_common_all.o)
